 AddSub

 Timestamp is 54295d1f (Mon Sep 29 08:22:39 2014)

 Preferred load address is 00400000

 Start         Length     Name                   Class
 0001:00000000 000020f2H .text                   CODE
 0002:00000000 00000121H .rdata                  DATA
 0002:00000121 00000000H .edata                  DATA
 0003:00000000 00000a6aH .data                   DATA
 0003:00000a6c 00000275H .bss                    DATA
 0004:00000000 00000014H .idata$2                DATA
 0004:00000014 00000014H .idata$3                DATA
 0004:00000028 00000084H .idata$4                DATA
 0004:000000ac 00000084H .idata$5                DATA
 0004:00000130 000002beH .idata$6                DATA

  Address         Publics by Value              Rva+Base     Lib:Object

 0001:00000010       _main@0                    00401010 f   AddSub.obj
 0001:00000034       _Clrscr@0                  00401034 f   irvine32:Irvine32.obj
 0001:000000f9       _Crlf@0                    004010f9 f   irvine32:Irvine32.obj
 0001:00000114       _Delay@0                   00401114 f   irvine32:Irvine32.obj
 0001:0000011d       _DumpMem@0                 0040111d f   irvine32:Irvine32.obj
 0001:000001ed       _DumpRegs@0                004011ed f   irvine32:Irvine32.obj
 0001:000003bf       _GetCommandtail@0          004013bf f   irvine32:Irvine32.obj
 0001:000003e3       _GetDateTime@4             004013e3 f   irvine32:Irvine32.obj
 0001:00000415       _GetMaxXY@0                00401415 f   irvine32:Irvine32.obj
 0001:00000448       _GetMseconds@0             00401448 f   irvine32:Irvine32.obj
 0001:000004a5       _Gotoxy@0                  004014a5 f   irvine32:Irvine32.obj
 0001:000004fd       _IsDigit@0                 004014fd f   irvine32:Irvine32.obj
 0001:0000050a       _RandomRange@0             0040150a f   irvine32:Irvine32.obj
 0001:0000051f       _Random32@0                0040151f f   irvine32:Irvine32.obj
 0001:0000053a       _Randomize@0               0040153a f   irvine32:Irvine32.obj
 0001:00000553       _ReadChar@0                00401553 f   irvine32:Irvine32.obj
 0001:0000056d       _ReadDec@0                 0040156d f   irvine32:Irvine32.obj
 0001:000005da       _ReadHex@0                 004015da f   irvine32:Irvine32.obj
 0001:00000655       _ReadInt@0                 00401655 f   irvine32:Irvine32.obj
 0001:0000071b       _ReadKey@0                 0040171b f   irvine32:Irvine32.obj
 0001:00000834       _ReadKeyFlush@0            00401834 f   irvine32:Irvine32.obj
 0001:00000902       _ReadString@0              00401902 f   irvine32:Irvine32.obj
 0001:000009bb       _SetTextColor@0            004019bb f   irvine32:Irvine32.obj
 0001:000009e0       _Str_compare@8             004019e0 f   irvine32:Irvine32.obj
 0001:00000a0a       _Str_copy@8                00401a0a f   irvine32:Irvine32.obj
 0001:00000a2d       _Str_length@4              00401a2d f   irvine32:Irvine32.obj
 0001:00000a47       _Str_trim@8                00401a47 f   irvine32:Irvine32.obj
 0001:00000a74       _Str_ucase@4               00401a74 f   irvine32:Irvine32.obj
 0001:00000a96       _WaitMsg@0                 00401a96 f   irvine32:Irvine32.obj
 0001:00000aea       _WriteBin@0                00401aea f   irvine32:Irvine32.obj
 0001:00000af7       _WriteBinB@0               00401af7 f   irvine32:Irvine32.obj
 0001:00000b4a       _WriteChar@0               00401b4a f   irvine32:Irvine32.obj
 0001:00000b7c       _WriteDec@0                00401b7c f   irvine32:Irvine32.obj
 0001:00000bbd       _WriteHex@0                00401bbd f   irvine32:Irvine32.obj
 0001:00000bca       _WriteHexB@0               00401bca f   irvine32:Irvine32.obj
 0001:00000c5c       _WriteInt@0                00401c5c f   irvine32:Irvine32.obj
 0001:00000cbd       _WriteString@0             00401cbd f   irvine32:Irvine32.obj
 0001:00000d28       _ExitProcess@4             00401d28 f   kernel32:KERNEL32.dll
 0001:00000d2e       _FlushConsoleInputBuffer@4 00401d2e f   kernel32:KERNEL32.dll
 0001:00000d34       _GetCommandLineA@0         00401d34 f   kernel32:KERNEL32.dll
 0001:00000d3a       _GetConsoleMode@8          00401d3a f   kernel32:KERNEL32.dll
 0001:00000d40       _GetConsoleScreenBufferInfo@8 00401d40 f   kernel32:KERNEL32.dll
 0001:00000d46       _GetLocalTime@4            00401d46 f   kernel32:KERNEL32.dll
 0001:00000d4c       _GetStdHandle@4            00401d4c f   kernel32:KERNEL32.dll
 0001:00000d52       _GetSystemTime@4           00401d52 f   kernel32:KERNEL32.dll
 0001:00000d58       _PeekConsoleInputA@16      00401d58 f   kernel32:KERNEL32.dll
 0001:00000d5e       _ReadConsoleA@20           00401d5e f   kernel32:KERNEL32.dll
 0001:00000d64       _ReadConsoleInputA@16      00401d64 f   kernel32:KERNEL32.dll
 0001:00000d6a       _SetConsoleCursorPosition@8 00401d6a f   kernel32:KERNEL32.dll
 0001:00000d70       _SetConsoleMode@8          00401d70 f   kernel32:KERNEL32.dll
 0001:00000d76       _SetConsoleTextAttribute@8 00401d76 f   kernel32:KERNEL32.dll
 0001:00000d7c       _Sleep@4                   00401d7c f   kernel32:KERNEL32.dll
 0001:00000d82       _SystemTimeToFileTime@8    00401d82 f   kernel32:KERNEL32.dll
 0001:00000d88       _WriteConsoleA@20          00401d88 f   kernel32:KERNEL32.dll
 0001:00000d8e       _WriteConsoleOutputCharacterA@20 00401d8e f   kernel32:KERNEL32.dll
 0001:00000d94       _WriteConsoleOutputAttribute@20 00401d94 f   kernel32:KERNEL32.dll
 0004:00000000       __IMPORT_DESCRIPTOR_KERNEL32 00406000     kernel32:KERNEL32.dll
 0004:00000014       __NULL_IMPORT_DESCRIPTOR   00406014     kernel32:KERNEL32.dll
 0004:000000ac       __imp__ExitProcess@4       004060ac     kernel32:KERNEL32.dll
 0004:000000b0       __imp__FlushConsoleInputBuffer@4 004060b0     kernel32:KERNEL32.dll
 0004:000000b4       __imp__GetCommandLineA@0   004060b4     kernel32:KERNEL32.dll
 0004:000000b8       __imp__GetConsoleMode@8    004060b8     kernel32:KERNEL32.dll
 0004:000000bc       __imp__GetConsoleScreenBufferInfo@8 004060bc     kernel32:KERNEL32.dll
 0004:000000c0       __imp__GetLocalTime@4      004060c0     kernel32:KERNEL32.dll
 0004:000000c4       __imp__GetStdHandle@4      004060c4     kernel32:KERNEL32.dll
 0004:000000c8       __imp__GetSystemTime@4     004060c8     kernel32:KERNEL32.dll
 0004:000000cc       __imp__PeekConsoleInputA@16 004060cc     kernel32:KERNEL32.dll
 0004:000000d0       __imp__ReadConsoleA@20     004060d0     kernel32:KERNEL32.dll
 0004:000000d4       __imp__ReadConsoleInputA@16 004060d4     kernel32:KERNEL32.dll
 0004:000000d8       __imp__SetConsoleCursorPosition@8 004060d8     kernel32:KERNEL32.dll
 0004:000000dc       __imp__SetConsoleMode@8    004060dc     kernel32:KERNEL32.dll
 0004:000000e0       __imp__SetConsoleTextAttribute@8 004060e0     kernel32:KERNEL32.dll
 0004:000000e4       __imp__Sleep@4             004060e4     kernel32:KERNEL32.dll
 0004:000000e8       __imp__SystemTimeToFileTime@8 004060e8     kernel32:KERNEL32.dll
 0004:000000ec       __imp__WriteConsoleA@20    004060ec     kernel32:KERNEL32.dll
 0004:000000f0       __imp__WriteConsoleOutputCharacterA@20 004060f0     kernel32:KERNEL32.dll
 0004:000000f4       __imp__WriteConsoleOutputAttribute@20 004060f4     kernel32:KERNEL32.dll
 0004:000000f8       \177KERNEL32_NULL_THUNK_DATA 004060f8     kernel32:KERNEL32.dll

 entry point at        0001:00000010

