 ej1

 Timestamp is 5447baef (Wed Oct 22 09:10:55 2014)

 Preferred load address is 00400000

 Start         Length     Name                   Class
 0001:00000000 0000218aH .text                   CODE
 0002:00000000 00000121H .rdata                  DATA
 0002:00000121 00000000H .edata                  DATA
 0003:00000000 00000accH .data                   DATA
 0003:00000acc 00000275H .bss                    DATA
 0004:00000000 00000014H .idata$2                DATA
 0004:00000014 00000014H .idata$3                DATA
 0004:00000028 00000084H .idata$4                DATA
 0004:000000ac 00000084H .idata$5                DATA
 0004:00000130 000002beH .idata$6                DATA

  Address         Publics by Value              Rva+Base     Lib:Object

 0001:00000010       _main@0                    00401010 f   ej1.obj
 0001:000000cc       _Clrscr@0                  004010cc f   irvine32:Irvine32.obj
 0001:00000191       _Crlf@0                    00401191 f   irvine32:Irvine32.obj
 0001:000001ac       _Delay@0                   004011ac f   irvine32:Irvine32.obj
 0001:000001b5       _DumpMem@0                 004011b5 f   irvine32:Irvine32.obj
 0001:00000285       _DumpRegs@0                00401285 f   irvine32:Irvine32.obj
 0001:00000457       _GetCommandtail@0          00401457 f   irvine32:Irvine32.obj
 0001:0000047b       _GetDateTime@4             0040147b f   irvine32:Irvine32.obj
 0001:000004ad       _GetMaxXY@0                004014ad f   irvine32:Irvine32.obj
 0001:000004e0       _GetMseconds@0             004014e0 f   irvine32:Irvine32.obj
 0001:0000053d       _Gotoxy@0                  0040153d f   irvine32:Irvine32.obj
 0001:00000595       _IsDigit@0                 00401595 f   irvine32:Irvine32.obj
 0001:000005a2       _RandomRange@0             004015a2 f   irvine32:Irvine32.obj
 0001:000005b7       _Random32@0                004015b7 f   irvine32:Irvine32.obj
 0001:000005d2       _Randomize@0               004015d2 f   irvine32:Irvine32.obj
 0001:000005eb       _ReadChar@0                004015eb f   irvine32:Irvine32.obj
 0001:00000605       _ReadDec@0                 00401605 f   irvine32:Irvine32.obj
 0001:00000672       _ReadHex@0                 00401672 f   irvine32:Irvine32.obj
 0001:000006ed       _ReadInt@0                 004016ed f   irvine32:Irvine32.obj
 0001:000007b3       _ReadKey@0                 004017b3 f   irvine32:Irvine32.obj
 0001:000008cc       _ReadKeyFlush@0            004018cc f   irvine32:Irvine32.obj
 0001:0000099a       _ReadString@0              0040199a f   irvine32:Irvine32.obj
 0001:00000a53       _SetTextColor@0            00401a53 f   irvine32:Irvine32.obj
 0001:00000a78       _Str_compare@8             00401a78 f   irvine32:Irvine32.obj
 0001:00000aa2       _Str_copy@8                00401aa2 f   irvine32:Irvine32.obj
 0001:00000ac5       _Str_length@4              00401ac5 f   irvine32:Irvine32.obj
 0001:00000adf       _Str_trim@8                00401adf f   irvine32:Irvine32.obj
 0001:00000b0c       _Str_ucase@4               00401b0c f   irvine32:Irvine32.obj
 0001:00000b2e       _WaitMsg@0                 00401b2e f   irvine32:Irvine32.obj
 0001:00000b82       _WriteBin@0                00401b82 f   irvine32:Irvine32.obj
 0001:00000b8f       _WriteBinB@0               00401b8f f   irvine32:Irvine32.obj
 0001:00000be2       _WriteChar@0               00401be2 f   irvine32:Irvine32.obj
 0001:00000c14       _WriteDec@0                00401c14 f   irvine32:Irvine32.obj
 0001:00000c55       _WriteHex@0                00401c55 f   irvine32:Irvine32.obj
 0001:00000c62       _WriteHexB@0               00401c62 f   irvine32:Irvine32.obj
 0001:00000cf4       _WriteInt@0                00401cf4 f   irvine32:Irvine32.obj
 0001:00000d55       _WriteString@0             00401d55 f   irvine32:Irvine32.obj
 0001:00000dc0       _ExitProcess@4             00401dc0 f   kernel32:KERNEL32.dll
 0001:00000dc6       _FlushConsoleInputBuffer@4 00401dc6 f   kernel32:KERNEL32.dll
 0001:00000dcc       _GetCommandLineA@0         00401dcc f   kernel32:KERNEL32.dll
 0001:00000dd2       _GetConsoleMode@8          00401dd2 f   kernel32:KERNEL32.dll
 0001:00000dd8       _GetConsoleScreenBufferInfo@8 00401dd8 f   kernel32:KERNEL32.dll
 0001:00000dde       _GetLocalTime@4            00401dde f   kernel32:KERNEL32.dll
 0001:00000de4       _GetStdHandle@4            00401de4 f   kernel32:KERNEL32.dll
 0001:00000dea       _GetSystemTime@4           00401dea f   kernel32:KERNEL32.dll
 0001:00000df0       _PeekConsoleInputA@16      00401df0 f   kernel32:KERNEL32.dll
 0001:00000df6       _ReadConsoleA@20           00401df6 f   kernel32:KERNEL32.dll
 0001:00000dfc       _ReadConsoleInputA@16      00401dfc f   kernel32:KERNEL32.dll
 0001:00000e02       _SetConsoleCursorPosition@8 00401e02 f   kernel32:KERNEL32.dll
 0001:00000e08       _SetConsoleMode@8          00401e08 f   kernel32:KERNEL32.dll
 0001:00000e0e       _SetConsoleTextAttribute@8 00401e0e f   kernel32:KERNEL32.dll
 0001:00000e14       _Sleep@4                   00401e14 f   kernel32:KERNEL32.dll
 0001:00000e1a       _SystemTimeToFileTime@8    00401e1a f   kernel32:KERNEL32.dll
 0001:00000e20       _WriteConsoleA@20          00401e20 f   kernel32:KERNEL32.dll
 0001:00000e26       _WriteConsoleOutputCharacterA@20 00401e26 f   kernel32:KERNEL32.dll
 0001:00000e2c       _WriteConsoleOutputAttribute@20 00401e2c f   kernel32:KERNEL32.dll
 0004:00000000       __IMPORT_DESCRIPTOR_KERNEL32 00406000     kernel32:KERNEL32.dll
 0004:00000014       __NULL_IMPORT_DESCRIPTOR   00406014     kernel32:KERNEL32.dll
 0004:000000ac       __imp__ExitProcess@4       004060ac     kernel32:KERNEL32.dll
 0004:000000b0       __imp__FlushConsoleInputBuffer@4 004060b0     kernel32:KERNEL32.dll
 0004:000000b4       __imp__GetCommandLineA@0   004060b4     kernel32:KERNEL32.dll
 0004:000000b8       __imp__GetConsoleMode@8    004060b8     kernel32:KERNEL32.dll
 0004:000000bc       __imp__GetConsoleScreenBufferInfo@8 004060bc     kernel32:KERNEL32.dll
 0004:000000c0       __imp__GetLocalTime@4      004060c0     kernel32:KERNEL32.dll
 0004:000000c4       __imp__GetStdHandle@4      004060c4     kernel32:KERNEL32.dll
 0004:000000c8       __imp__GetSystemTime@4     004060c8     kernel32:KERNEL32.dll
 0004:000000cc       __imp__PeekConsoleInputA@16 004060cc     kernel32:KERNEL32.dll
 0004:000000d0       __imp__ReadConsoleA@20     004060d0     kernel32:KERNEL32.dll
 0004:000000d4       __imp__ReadConsoleInputA@16 004060d4     kernel32:KERNEL32.dll
 0004:000000d8       __imp__SetConsoleCursorPosition@8 004060d8     kernel32:KERNEL32.dll
 0004:000000dc       __imp__SetConsoleMode@8    004060dc     kernel32:KERNEL32.dll
 0004:000000e0       __imp__SetConsoleTextAttribute@8 004060e0     kernel32:KERNEL32.dll
 0004:000000e4       __imp__Sleep@4             004060e4     kernel32:KERNEL32.dll
 0004:000000e8       __imp__SystemTimeToFileTime@8 004060e8     kernel32:KERNEL32.dll
 0004:000000ec       __imp__WriteConsoleA@20    004060ec     kernel32:KERNEL32.dll
 0004:000000f0       __imp__WriteConsoleOutputCharacterA@20 004060f0     kernel32:KERNEL32.dll
 0004:000000f4       __imp__WriteConsoleOutputAttribute@20 004060f4     kernel32:KERNEL32.dll
 0004:000000f8       \177KERNEL32_NULL_THUNK_DATA 004060f8     kernel32:KERNEL32.dll

 entry point at        0001:00000010

