 ejer02

 Timestamp is 5459c6d0 (Wed Nov 05 00:42:24 2014)

 Preferred load address is 00400000

 Start         Length     Name                   Class
 0001:00000000 000020feH .text                   CODE
 0002:00000000 00000121H .rdata                  DATA
 0002:00000121 00000000H .edata                  DATA
 0003:00000000 00000a7bH .data                   DATA
 0003:00000a7c 00000275H .bss                    DATA
 0004:00000000 00000014H .idata$2                DATA
 0004:00000014 00000014H .idata$3                DATA
 0004:00000028 00000084H .idata$4                DATA
 0004:000000ac 00000084H .idata$5                DATA
 0004:00000130 000002beH .idata$6                DATA

  Address         Publics by Value              Rva+Base     Lib:Object

 0001:00000010       _main@0                    00401010 f   ejer02.obj
 0001:00000040       _Clrscr@0                  00401040 f   irvine32:Irvine32.obj
 0001:00000105       _Crlf@0                    00401105 f   irvine32:Irvine32.obj
 0001:00000120       _Delay@0                   00401120 f   irvine32:Irvine32.obj
 0001:00000129       _DumpMem@0                 00401129 f   irvine32:Irvine32.obj
 0001:000001f9       _DumpRegs@0                004011f9 f   irvine32:Irvine32.obj
 0001:000003cb       _GetCommandtail@0          004013cb f   irvine32:Irvine32.obj
 0001:000003ef       _GetDateTime@4             004013ef f   irvine32:Irvine32.obj
 0001:00000421       _GetMaxXY@0                00401421 f   irvine32:Irvine32.obj
 0001:00000454       _GetMseconds@0             00401454 f   irvine32:Irvine32.obj
 0001:000004b1       _Gotoxy@0                  004014b1 f   irvine32:Irvine32.obj
 0001:00000509       _IsDigit@0                 00401509 f   irvine32:Irvine32.obj
 0001:00000516       _RandomRange@0             00401516 f   irvine32:Irvine32.obj
 0001:0000052b       _Random32@0                0040152b f   irvine32:Irvine32.obj
 0001:00000546       _Randomize@0               00401546 f   irvine32:Irvine32.obj
 0001:0000055f       _ReadChar@0                0040155f f   irvine32:Irvine32.obj
 0001:00000579       _ReadDec@0                 00401579 f   irvine32:Irvine32.obj
 0001:000005e6       _ReadHex@0                 004015e6 f   irvine32:Irvine32.obj
 0001:00000661       _ReadInt@0                 00401661 f   irvine32:Irvine32.obj
 0001:00000727       _ReadKey@0                 00401727 f   irvine32:Irvine32.obj
 0001:00000840       _ReadKeyFlush@0            00401840 f   irvine32:Irvine32.obj
 0001:0000090e       _ReadString@0              0040190e f   irvine32:Irvine32.obj
 0001:000009c7       _SetTextColor@0            004019c7 f   irvine32:Irvine32.obj
 0001:000009ec       _Str_compare@8             004019ec f   irvine32:Irvine32.obj
 0001:00000a16       _Str_copy@8                00401a16 f   irvine32:Irvine32.obj
 0001:00000a39       _Str_length@4              00401a39 f   irvine32:Irvine32.obj
 0001:00000a53       _Str_trim@8                00401a53 f   irvine32:Irvine32.obj
 0001:00000a80       _Str_ucase@4               00401a80 f   irvine32:Irvine32.obj
 0001:00000aa2       _WaitMsg@0                 00401aa2 f   irvine32:Irvine32.obj
 0001:00000af6       _WriteBin@0                00401af6 f   irvine32:Irvine32.obj
 0001:00000b03       _WriteBinB@0               00401b03 f   irvine32:Irvine32.obj
 0001:00000b56       _WriteChar@0               00401b56 f   irvine32:Irvine32.obj
 0001:00000b88       _WriteDec@0                00401b88 f   irvine32:Irvine32.obj
 0001:00000bc9       _WriteHex@0                00401bc9 f   irvine32:Irvine32.obj
 0001:00000bd6       _WriteHexB@0               00401bd6 f   irvine32:Irvine32.obj
 0001:00000c68       _WriteInt@0                00401c68 f   irvine32:Irvine32.obj
 0001:00000cc9       _WriteString@0             00401cc9 f   irvine32:Irvine32.obj
 0001:00000d34       _ExitProcess@4             00401d34 f   kernel32:KERNEL32.dll
 0001:00000d3a       _FlushConsoleInputBuffer@4 00401d3a f   kernel32:KERNEL32.dll
 0001:00000d40       _GetCommandLineA@0         00401d40 f   kernel32:KERNEL32.dll
 0001:00000d46       _GetConsoleMode@8          00401d46 f   kernel32:KERNEL32.dll
 0001:00000d4c       _GetConsoleScreenBufferInfo@8 00401d4c f   kernel32:KERNEL32.dll
 0001:00000d52       _GetLocalTime@4            00401d52 f   kernel32:KERNEL32.dll
 0001:00000d58       _GetStdHandle@4            00401d58 f   kernel32:KERNEL32.dll
 0001:00000d5e       _GetSystemTime@4           00401d5e f   kernel32:KERNEL32.dll
 0001:00000d64       _PeekConsoleInputA@16      00401d64 f   kernel32:KERNEL32.dll
 0001:00000d6a       _ReadConsoleA@20           00401d6a f   kernel32:KERNEL32.dll
 0001:00000d70       _ReadConsoleInputA@16      00401d70 f   kernel32:KERNEL32.dll
 0001:00000d76       _SetConsoleCursorPosition@8 00401d76 f   kernel32:KERNEL32.dll
 0001:00000d7c       _SetConsoleMode@8          00401d7c f   kernel32:KERNEL32.dll
 0001:00000d82       _SetConsoleTextAttribute@8 00401d82 f   kernel32:KERNEL32.dll
 0001:00000d88       _Sleep@4                   00401d88 f   kernel32:KERNEL32.dll
 0001:00000d8e       _SystemTimeToFileTime@8    00401d8e f   kernel32:KERNEL32.dll
 0001:00000d94       _WriteConsoleA@20          00401d94 f   kernel32:KERNEL32.dll
 0001:00000d9a       _WriteConsoleOutputCharacterA@20 00401d9a f   kernel32:KERNEL32.dll
 0001:00000da0       _WriteConsoleOutputAttribute@20 00401da0 f   kernel32:KERNEL32.dll
 0004:00000000       __IMPORT_DESCRIPTOR_KERNEL32 00406000     kernel32:KERNEL32.dll
 0004:00000014       __NULL_IMPORT_DESCRIPTOR   00406014     kernel32:KERNEL32.dll
 0004:000000ac       __imp__ExitProcess@4       004060ac     kernel32:KERNEL32.dll
 0004:000000b0       __imp__FlushConsoleInputBuffer@4 004060b0     kernel32:KERNEL32.dll
 0004:000000b4       __imp__GetCommandLineA@0   004060b4     kernel32:KERNEL32.dll
 0004:000000b8       __imp__GetConsoleMode@8    004060b8     kernel32:KERNEL32.dll
 0004:000000bc       __imp__GetConsoleScreenBufferInfo@8 004060bc     kernel32:KERNEL32.dll
 0004:000000c0       __imp__GetLocalTime@4      004060c0     kernel32:KERNEL32.dll
 0004:000000c4       __imp__GetStdHandle@4      004060c4     kernel32:KERNEL32.dll
 0004:000000c8       __imp__GetSystemTime@4     004060c8     kernel32:KERNEL32.dll
 0004:000000cc       __imp__PeekConsoleInputA@16 004060cc     kernel32:KERNEL32.dll
 0004:000000d0       __imp__ReadConsoleA@20     004060d0     kernel32:KERNEL32.dll
 0004:000000d4       __imp__ReadConsoleInputA@16 004060d4     kernel32:KERNEL32.dll
 0004:000000d8       __imp__SetConsoleCursorPosition@8 004060d8     kernel32:KERNEL32.dll
 0004:000000dc       __imp__SetConsoleMode@8    004060dc     kernel32:KERNEL32.dll
 0004:000000e0       __imp__SetConsoleTextAttribute@8 004060e0     kernel32:KERNEL32.dll
 0004:000000e4       __imp__Sleep@4             004060e4     kernel32:KERNEL32.dll
 0004:000000e8       __imp__SystemTimeToFileTime@8 004060e8     kernel32:KERNEL32.dll
 0004:000000ec       __imp__WriteConsoleA@20    004060ec     kernel32:KERNEL32.dll
 0004:000000f0       __imp__WriteConsoleOutputCharacterA@20 004060f0     kernel32:KERNEL32.dll
 0004:000000f4       __imp__WriteConsoleOutputAttribute@20 004060f4     kernel32:KERNEL32.dll
 0004:000000f8       \177KERNEL32_NULL_THUNK_DATA 004060f8     kernel32:KERNEL32.dll

 entry point at        0001:00000010

