 ejer01

 Timestamp is 5459c5ca (Wed Nov 05 00:38:02 2014)

 Preferred load address is 00400000

 Start         Length     Name                   Class
 0001:00000000 00002129H .text                   CODE
 0002:00000000 00000121H .rdata                  DATA
 0002:00000121 00000000H .edata                  DATA
 0003:00000000 00000a7fH .data                   DATA
 0003:00000a80 00000275H .bss                    DATA
 0004:00000000 00000014H .idata$2                DATA
 0004:00000014 00000014H .idata$3                DATA
 0004:00000028 00000084H .idata$4                DATA
 0004:000000ac 00000084H .idata$5                DATA
 0004:00000130 000002beH .idata$6                DATA

  Address         Publics by Value              Rva+Base     Lib:Object

 0001:00000010       _main@0                    00401010 f   ejer01.obj
 0001:0000006c       _Clrscr@0                  0040106c f   irvine32:Irvine32.obj
 0001:00000131       _Crlf@0                    00401131 f   irvine32:Irvine32.obj
 0001:0000014c       _Delay@0                   0040114c f   irvine32:Irvine32.obj
 0001:00000155       _DumpMem@0                 00401155 f   irvine32:Irvine32.obj
 0001:00000225       _DumpRegs@0                00401225 f   irvine32:Irvine32.obj
 0001:000003f7       _GetCommandtail@0          004013f7 f   irvine32:Irvine32.obj
 0001:0000041b       _GetDateTime@4             0040141b f   irvine32:Irvine32.obj
 0001:0000044d       _GetMaxXY@0                0040144d f   irvine32:Irvine32.obj
 0001:00000480       _GetMseconds@0             00401480 f   irvine32:Irvine32.obj
 0001:000004dd       _Gotoxy@0                  004014dd f   irvine32:Irvine32.obj
 0001:00000535       _IsDigit@0                 00401535 f   irvine32:Irvine32.obj
 0001:00000542       _RandomRange@0             00401542 f   irvine32:Irvine32.obj
 0001:00000557       _Random32@0                00401557 f   irvine32:Irvine32.obj
 0001:00000572       _Randomize@0               00401572 f   irvine32:Irvine32.obj
 0001:0000058b       _ReadChar@0                0040158b f   irvine32:Irvine32.obj
 0001:000005a5       _ReadDec@0                 004015a5 f   irvine32:Irvine32.obj
 0001:00000612       _ReadHex@0                 00401612 f   irvine32:Irvine32.obj
 0001:0000068d       _ReadInt@0                 0040168d f   irvine32:Irvine32.obj
 0001:00000753       _ReadKey@0                 00401753 f   irvine32:Irvine32.obj
 0001:0000086c       _ReadKeyFlush@0            0040186c f   irvine32:Irvine32.obj
 0001:0000093a       _ReadString@0              0040193a f   irvine32:Irvine32.obj
 0001:000009f3       _SetTextColor@0            004019f3 f   irvine32:Irvine32.obj
 0001:00000a18       _Str_compare@8             00401a18 f   irvine32:Irvine32.obj
 0001:00000a42       _Str_copy@8                00401a42 f   irvine32:Irvine32.obj
 0001:00000a65       _Str_length@4              00401a65 f   irvine32:Irvine32.obj
 0001:00000a7f       _Str_trim@8                00401a7f f   irvine32:Irvine32.obj
 0001:00000aac       _Str_ucase@4               00401aac f   irvine32:Irvine32.obj
 0001:00000ace       _WaitMsg@0                 00401ace f   irvine32:Irvine32.obj
 0001:00000b22       _WriteBin@0                00401b22 f   irvine32:Irvine32.obj
 0001:00000b2f       _WriteBinB@0               00401b2f f   irvine32:Irvine32.obj
 0001:00000b82       _WriteChar@0               00401b82 f   irvine32:Irvine32.obj
 0001:00000bb4       _WriteDec@0                00401bb4 f   irvine32:Irvine32.obj
 0001:00000bf5       _WriteHex@0                00401bf5 f   irvine32:Irvine32.obj
 0001:00000c02       _WriteHexB@0               00401c02 f   irvine32:Irvine32.obj
 0001:00000c94       _WriteInt@0                00401c94 f   irvine32:Irvine32.obj
 0001:00000cf5       _WriteString@0             00401cf5 f   irvine32:Irvine32.obj
 0001:00000d60       _ExitProcess@4             00401d60 f   kernel32:KERNEL32.dll
 0001:00000d66       _FlushConsoleInputBuffer@4 00401d66 f   kernel32:KERNEL32.dll
 0001:00000d6c       _GetCommandLineA@0         00401d6c f   kernel32:KERNEL32.dll
 0001:00000d72       _GetConsoleMode@8          00401d72 f   kernel32:KERNEL32.dll
 0001:00000d78       _GetConsoleScreenBufferInfo@8 00401d78 f   kernel32:KERNEL32.dll
 0001:00000d7e       _GetLocalTime@4            00401d7e f   kernel32:KERNEL32.dll
 0001:00000d84       _GetStdHandle@4            00401d84 f   kernel32:KERNEL32.dll
 0001:00000d8a       _GetSystemTime@4           00401d8a f   kernel32:KERNEL32.dll
 0001:00000d90       _PeekConsoleInputA@16      00401d90 f   kernel32:KERNEL32.dll
 0001:00000d96       _ReadConsoleA@20           00401d96 f   kernel32:KERNEL32.dll
 0001:00000d9c       _ReadConsoleInputA@16      00401d9c f   kernel32:KERNEL32.dll
 0001:00000da2       _SetConsoleCursorPosition@8 00401da2 f   kernel32:KERNEL32.dll
 0001:00000da8       _SetConsoleMode@8          00401da8 f   kernel32:KERNEL32.dll
 0001:00000dae       _SetConsoleTextAttribute@8 00401dae f   kernel32:KERNEL32.dll
 0001:00000db4       _Sleep@4                   00401db4 f   kernel32:KERNEL32.dll
 0001:00000dba       _SystemTimeToFileTime@8    00401dba f   kernel32:KERNEL32.dll
 0001:00000dc0       _WriteConsoleA@20          00401dc0 f   kernel32:KERNEL32.dll
 0001:00000dc6       _WriteConsoleOutputCharacterA@20 00401dc6 f   kernel32:KERNEL32.dll
 0001:00000dcc       _WriteConsoleOutputAttribute@20 00401dcc f   kernel32:KERNEL32.dll
 0004:00000000       __IMPORT_DESCRIPTOR_KERNEL32 00406000     kernel32:KERNEL32.dll
 0004:00000014       __NULL_IMPORT_DESCRIPTOR   00406014     kernel32:KERNEL32.dll
 0004:000000ac       __imp__ExitProcess@4       004060ac     kernel32:KERNEL32.dll
 0004:000000b0       __imp__FlushConsoleInputBuffer@4 004060b0     kernel32:KERNEL32.dll
 0004:000000b4       __imp__GetCommandLineA@0   004060b4     kernel32:KERNEL32.dll
 0004:000000b8       __imp__GetConsoleMode@8    004060b8     kernel32:KERNEL32.dll
 0004:000000bc       __imp__GetConsoleScreenBufferInfo@8 004060bc     kernel32:KERNEL32.dll
 0004:000000c0       __imp__GetLocalTime@4      004060c0     kernel32:KERNEL32.dll
 0004:000000c4       __imp__GetStdHandle@4      004060c4     kernel32:KERNEL32.dll
 0004:000000c8       __imp__GetSystemTime@4     004060c8     kernel32:KERNEL32.dll
 0004:000000cc       __imp__PeekConsoleInputA@16 004060cc     kernel32:KERNEL32.dll
 0004:000000d0       __imp__ReadConsoleA@20     004060d0     kernel32:KERNEL32.dll
 0004:000000d4       __imp__ReadConsoleInputA@16 004060d4     kernel32:KERNEL32.dll
 0004:000000d8       __imp__SetConsoleCursorPosition@8 004060d8     kernel32:KERNEL32.dll
 0004:000000dc       __imp__SetConsoleMode@8    004060dc     kernel32:KERNEL32.dll
 0004:000000e0       __imp__SetConsoleTextAttribute@8 004060e0     kernel32:KERNEL32.dll
 0004:000000e4       __imp__Sleep@4             004060e4     kernel32:KERNEL32.dll
 0004:000000e8       __imp__SystemTimeToFileTime@8 004060e8     kernel32:KERNEL32.dll
 0004:000000ec       __imp__WriteConsoleA@20    004060ec     kernel32:KERNEL32.dll
 0004:000000f0       __imp__WriteConsoleOutputCharacterA@20 004060f0     kernel32:KERNEL32.dll
 0004:000000f4       __imp__WriteConsoleOutputAttribute@20 004060f4     kernel32:KERNEL32.dll
 0004:000000f8       \177KERNEL32_NULL_THUNK_DATA 004060f8     kernel32:KERNEL32.dll

 entry point at        0001:00000010

