 fibonacci

 Timestamp is 5459dc97 (Wed Nov 05 02:15:19 2014)

 Preferred load address is 00400000

 Start         Length     Name                   Class
 0001:00000000 0000218dH .text                   CODE
 0002:00000000 00000121H .rdata                  DATA
 0002:00000121 00000000H .edata                  DATA
 0003:00000000 00000a93H .data                   DATA
 0003:00000a94 00000275H .bss                    DATA
 0004:00000000 00000014H .idata$2                DATA
 0004:00000014 00000014H .idata$3                DATA
 0004:00000028 00000084H .idata$4                DATA
 0004:000000ac 00000084H .idata$5                DATA
 0004:00000130 000002beH .idata$6                DATA

  Address         Publics by Value              Rva+Base     Lib:Object

 0001:00000010       _main@0                    00401010 f   fibonacci.obj
 0001:000000d0       _Clrscr@0                  004010d0 f   irvine32:Irvine32.obj
 0001:00000195       _Crlf@0                    00401195 f   irvine32:Irvine32.obj
 0001:000001b0       _Delay@0                   004011b0 f   irvine32:Irvine32.obj
 0001:000001b9       _DumpMem@0                 004011b9 f   irvine32:Irvine32.obj
 0001:00000289       _DumpRegs@0                00401289 f   irvine32:Irvine32.obj
 0001:0000045b       _GetCommandtail@0          0040145b f   irvine32:Irvine32.obj
 0001:0000047f       _GetDateTime@4             0040147f f   irvine32:Irvine32.obj
 0001:000004b1       _GetMaxXY@0                004014b1 f   irvine32:Irvine32.obj
 0001:000004e4       _GetMseconds@0             004014e4 f   irvine32:Irvine32.obj
 0001:00000541       _Gotoxy@0                  00401541 f   irvine32:Irvine32.obj
 0001:00000599       _IsDigit@0                 00401599 f   irvine32:Irvine32.obj
 0001:000005a6       _RandomRange@0             004015a6 f   irvine32:Irvine32.obj
 0001:000005bb       _Random32@0                004015bb f   irvine32:Irvine32.obj
 0001:000005d6       _Randomize@0               004015d6 f   irvine32:Irvine32.obj
 0001:000005ef       _ReadChar@0                004015ef f   irvine32:Irvine32.obj
 0001:00000609       _ReadDec@0                 00401609 f   irvine32:Irvine32.obj
 0001:00000676       _ReadHex@0                 00401676 f   irvine32:Irvine32.obj
 0001:000006f1       _ReadInt@0                 004016f1 f   irvine32:Irvine32.obj
 0001:000007b7       _ReadKey@0                 004017b7 f   irvine32:Irvine32.obj
 0001:000008d0       _ReadKeyFlush@0            004018d0 f   irvine32:Irvine32.obj
 0001:0000099e       _ReadString@0              0040199e f   irvine32:Irvine32.obj
 0001:00000a57       _SetTextColor@0            00401a57 f   irvine32:Irvine32.obj
 0001:00000a7c       _Str_compare@8             00401a7c f   irvine32:Irvine32.obj
 0001:00000aa6       _Str_copy@8                00401aa6 f   irvine32:Irvine32.obj
 0001:00000ac9       _Str_length@4              00401ac9 f   irvine32:Irvine32.obj
 0001:00000ae3       _Str_trim@8                00401ae3 f   irvine32:Irvine32.obj
 0001:00000b10       _Str_ucase@4               00401b10 f   irvine32:Irvine32.obj
 0001:00000b32       _WaitMsg@0                 00401b32 f   irvine32:Irvine32.obj
 0001:00000b86       _WriteBin@0                00401b86 f   irvine32:Irvine32.obj
 0001:00000b93       _WriteBinB@0               00401b93 f   irvine32:Irvine32.obj
 0001:00000be6       _WriteChar@0               00401be6 f   irvine32:Irvine32.obj
 0001:00000c18       _WriteDec@0                00401c18 f   irvine32:Irvine32.obj
 0001:00000c59       _WriteHex@0                00401c59 f   irvine32:Irvine32.obj
 0001:00000c66       _WriteHexB@0               00401c66 f   irvine32:Irvine32.obj
 0001:00000cf8       _WriteInt@0                00401cf8 f   irvine32:Irvine32.obj
 0001:00000d59       _WriteString@0             00401d59 f   irvine32:Irvine32.obj
 0001:00000dc4       _ExitProcess@4             00401dc4 f   kernel32:KERNEL32.dll
 0001:00000dca       _FlushConsoleInputBuffer@4 00401dca f   kernel32:KERNEL32.dll
 0001:00000dd0       _GetCommandLineA@0         00401dd0 f   kernel32:KERNEL32.dll
 0001:00000dd6       _GetConsoleMode@8          00401dd6 f   kernel32:KERNEL32.dll
 0001:00000ddc       _GetConsoleScreenBufferInfo@8 00401ddc f   kernel32:KERNEL32.dll
 0001:00000de2       _GetLocalTime@4            00401de2 f   kernel32:KERNEL32.dll
 0001:00000de8       _GetStdHandle@4            00401de8 f   kernel32:KERNEL32.dll
 0001:00000dee       _GetSystemTime@4           00401dee f   kernel32:KERNEL32.dll
 0001:00000df4       _PeekConsoleInputA@16      00401df4 f   kernel32:KERNEL32.dll
 0001:00000dfa       _ReadConsoleA@20           00401dfa f   kernel32:KERNEL32.dll
 0001:00000e00       _ReadConsoleInputA@16      00401e00 f   kernel32:KERNEL32.dll
 0001:00000e06       _SetConsoleCursorPosition@8 00401e06 f   kernel32:KERNEL32.dll
 0001:00000e0c       _SetConsoleMode@8          00401e0c f   kernel32:KERNEL32.dll
 0001:00000e12       _SetConsoleTextAttribute@8 00401e12 f   kernel32:KERNEL32.dll
 0001:00000e18       _Sleep@4                   00401e18 f   kernel32:KERNEL32.dll
 0001:00000e1e       _SystemTimeToFileTime@8    00401e1e f   kernel32:KERNEL32.dll
 0001:00000e24       _WriteConsoleA@20          00401e24 f   kernel32:KERNEL32.dll
 0001:00000e2a       _WriteConsoleOutputCharacterA@20 00401e2a f   kernel32:KERNEL32.dll
 0001:00000e30       _WriteConsoleOutputAttribute@20 00401e30 f   kernel32:KERNEL32.dll
 0004:00000000       __IMPORT_DESCRIPTOR_KERNEL32 00406000     kernel32:KERNEL32.dll
 0004:00000014       __NULL_IMPORT_DESCRIPTOR   00406014     kernel32:KERNEL32.dll
 0004:000000ac       __imp__ExitProcess@4       004060ac     kernel32:KERNEL32.dll
 0004:000000b0       __imp__FlushConsoleInputBuffer@4 004060b0     kernel32:KERNEL32.dll
 0004:000000b4       __imp__GetCommandLineA@0   004060b4     kernel32:KERNEL32.dll
 0004:000000b8       __imp__GetConsoleMode@8    004060b8     kernel32:KERNEL32.dll
 0004:000000bc       __imp__GetConsoleScreenBufferInfo@8 004060bc     kernel32:KERNEL32.dll
 0004:000000c0       __imp__GetLocalTime@4      004060c0     kernel32:KERNEL32.dll
 0004:000000c4       __imp__GetStdHandle@4      004060c4     kernel32:KERNEL32.dll
 0004:000000c8       __imp__GetSystemTime@4     004060c8     kernel32:KERNEL32.dll
 0004:000000cc       __imp__PeekConsoleInputA@16 004060cc     kernel32:KERNEL32.dll
 0004:000000d0       __imp__ReadConsoleA@20     004060d0     kernel32:KERNEL32.dll
 0004:000000d4       __imp__ReadConsoleInputA@16 004060d4     kernel32:KERNEL32.dll
 0004:000000d8       __imp__SetConsoleCursorPosition@8 004060d8     kernel32:KERNEL32.dll
 0004:000000dc       __imp__SetConsoleMode@8    004060dc     kernel32:KERNEL32.dll
 0004:000000e0       __imp__SetConsoleTextAttribute@8 004060e0     kernel32:KERNEL32.dll
 0004:000000e4       __imp__Sleep@4             004060e4     kernel32:KERNEL32.dll
 0004:000000e8       __imp__SystemTimeToFileTime@8 004060e8     kernel32:KERNEL32.dll
 0004:000000ec       __imp__WriteConsoleA@20    004060ec     kernel32:KERNEL32.dll
 0004:000000f0       __imp__WriteConsoleOutputCharacterA@20 004060f0     kernel32:KERNEL32.dll
 0004:000000f4       __imp__WriteConsoleOutputAttribute@20 004060f4     kernel32:KERNEL32.dll
 0004:000000f8       \177KERNEL32_NULL_THUNK_DATA 004060f8     kernel32:KERNEL32.dll

 entry point at        0001:00000010

