 write

 Timestamp is 5459ccda (Wed Nov 05 01:08:10 2014)

 Preferred load address is 00400000

 Start         Length     Name                   Class
 0001:00000000 0000210aH .text                   CODE
 0002:00000000 00000121H .rdata                  DATA
 0002:00000121 00000000H .edata                  DATA
 0003:00000000 00000a93H .data                   DATA
 0003:00000a94 00000275H .bss                    DATA
 0004:00000000 00000014H .idata$2                DATA
 0004:00000014 00000014H .idata$3                DATA
 0004:00000028 00000084H .idata$4                DATA
 0004:000000ac 00000084H .idata$5                DATA
 0004:00000130 000002beH .idata$6                DATA

  Address         Publics by Value              Rva+Base     Lib:Object

 0001:00000010       _main@0                    00401010 f   write.obj
 0001:0000004c       _Clrscr@0                  0040104c f   irvine32:Irvine32.obj
 0001:00000111       _Crlf@0                    00401111 f   irvine32:Irvine32.obj
 0001:0000012c       _Delay@0                   0040112c f   irvine32:Irvine32.obj
 0001:00000135       _DumpMem@0                 00401135 f   irvine32:Irvine32.obj
 0001:00000205       _DumpRegs@0                00401205 f   irvine32:Irvine32.obj
 0001:000003d7       _GetCommandtail@0          004013d7 f   irvine32:Irvine32.obj
 0001:000003fb       _GetDateTime@4             004013fb f   irvine32:Irvine32.obj
 0001:0000042d       _GetMaxXY@0                0040142d f   irvine32:Irvine32.obj
 0001:00000460       _GetMseconds@0             00401460 f   irvine32:Irvine32.obj
 0001:000004bd       _Gotoxy@0                  004014bd f   irvine32:Irvine32.obj
 0001:00000515       _IsDigit@0                 00401515 f   irvine32:Irvine32.obj
 0001:00000522       _RandomRange@0             00401522 f   irvine32:Irvine32.obj
 0001:00000537       _Random32@0                00401537 f   irvine32:Irvine32.obj
 0001:00000552       _Randomize@0               00401552 f   irvine32:Irvine32.obj
 0001:0000056b       _ReadChar@0                0040156b f   irvine32:Irvine32.obj
 0001:00000585       _ReadDec@0                 00401585 f   irvine32:Irvine32.obj
 0001:000005f2       _ReadHex@0                 004015f2 f   irvine32:Irvine32.obj
 0001:0000066d       _ReadInt@0                 0040166d f   irvine32:Irvine32.obj
 0001:00000733       _ReadKey@0                 00401733 f   irvine32:Irvine32.obj
 0001:0000084c       _ReadKeyFlush@0            0040184c f   irvine32:Irvine32.obj
 0001:0000091a       _ReadString@0              0040191a f   irvine32:Irvine32.obj
 0001:000009d3       _SetTextColor@0            004019d3 f   irvine32:Irvine32.obj
 0001:000009f8       _Str_compare@8             004019f8 f   irvine32:Irvine32.obj
 0001:00000a22       _Str_copy@8                00401a22 f   irvine32:Irvine32.obj
 0001:00000a45       _Str_length@4              00401a45 f   irvine32:Irvine32.obj
 0001:00000a5f       _Str_trim@8                00401a5f f   irvine32:Irvine32.obj
 0001:00000a8c       _Str_ucase@4               00401a8c f   irvine32:Irvine32.obj
 0001:00000aae       _WaitMsg@0                 00401aae f   irvine32:Irvine32.obj
 0001:00000b02       _WriteBin@0                00401b02 f   irvine32:Irvine32.obj
 0001:00000b0f       _WriteBinB@0               00401b0f f   irvine32:Irvine32.obj
 0001:00000b62       _WriteChar@0               00401b62 f   irvine32:Irvine32.obj
 0001:00000b94       _WriteDec@0                00401b94 f   irvine32:Irvine32.obj
 0001:00000bd5       _WriteHex@0                00401bd5 f   irvine32:Irvine32.obj
 0001:00000be2       _WriteHexB@0               00401be2 f   irvine32:Irvine32.obj
 0001:00000c74       _WriteInt@0                00401c74 f   irvine32:Irvine32.obj
 0001:00000cd5       _WriteString@0             00401cd5 f   irvine32:Irvine32.obj
 0001:00000d40       _ExitProcess@4             00401d40 f   kernel32:KERNEL32.dll
 0001:00000d46       _FlushConsoleInputBuffer@4 00401d46 f   kernel32:KERNEL32.dll
 0001:00000d4c       _GetCommandLineA@0         00401d4c f   kernel32:KERNEL32.dll
 0001:00000d52       _GetConsoleMode@8          00401d52 f   kernel32:KERNEL32.dll
 0001:00000d58       _GetConsoleScreenBufferInfo@8 00401d58 f   kernel32:KERNEL32.dll
 0001:00000d5e       _GetLocalTime@4            00401d5e f   kernel32:KERNEL32.dll
 0001:00000d64       _GetStdHandle@4            00401d64 f   kernel32:KERNEL32.dll
 0001:00000d6a       _GetSystemTime@4           00401d6a f   kernel32:KERNEL32.dll
 0001:00000d70       _PeekConsoleInputA@16      00401d70 f   kernel32:KERNEL32.dll
 0001:00000d76       _ReadConsoleA@20           00401d76 f   kernel32:KERNEL32.dll
 0001:00000d7c       _ReadConsoleInputA@16      00401d7c f   kernel32:KERNEL32.dll
 0001:00000d82       _SetConsoleCursorPosition@8 00401d82 f   kernel32:KERNEL32.dll
 0001:00000d88       _SetConsoleMode@8          00401d88 f   kernel32:KERNEL32.dll
 0001:00000d8e       _SetConsoleTextAttribute@8 00401d8e f   kernel32:KERNEL32.dll
 0001:00000d94       _Sleep@4                   00401d94 f   kernel32:KERNEL32.dll
 0001:00000d9a       _SystemTimeToFileTime@8    00401d9a f   kernel32:KERNEL32.dll
 0001:00000da0       _WriteConsoleA@20          00401da0 f   kernel32:KERNEL32.dll
 0001:00000da6       _WriteConsoleOutputCharacterA@20 00401da6 f   kernel32:KERNEL32.dll
 0001:00000dac       _WriteConsoleOutputAttribute@20 00401dac f   kernel32:KERNEL32.dll
 0004:00000000       __IMPORT_DESCRIPTOR_KERNEL32 00406000     kernel32:KERNEL32.dll
 0004:00000014       __NULL_IMPORT_DESCRIPTOR   00406014     kernel32:KERNEL32.dll
 0004:000000ac       __imp__ExitProcess@4       004060ac     kernel32:KERNEL32.dll
 0004:000000b0       __imp__FlushConsoleInputBuffer@4 004060b0     kernel32:KERNEL32.dll
 0004:000000b4       __imp__GetCommandLineA@0   004060b4     kernel32:KERNEL32.dll
 0004:000000b8       __imp__GetConsoleMode@8    004060b8     kernel32:KERNEL32.dll
 0004:000000bc       __imp__GetConsoleScreenBufferInfo@8 004060bc     kernel32:KERNEL32.dll
 0004:000000c0       __imp__GetLocalTime@4      004060c0     kernel32:KERNEL32.dll
 0004:000000c4       __imp__GetStdHandle@4      004060c4     kernel32:KERNEL32.dll
 0004:000000c8       __imp__GetSystemTime@4     004060c8     kernel32:KERNEL32.dll
 0004:000000cc       __imp__PeekConsoleInputA@16 004060cc     kernel32:KERNEL32.dll
 0004:000000d0       __imp__ReadConsoleA@20     004060d0     kernel32:KERNEL32.dll
 0004:000000d4       __imp__ReadConsoleInputA@16 004060d4     kernel32:KERNEL32.dll
 0004:000000d8       __imp__SetConsoleCursorPosition@8 004060d8     kernel32:KERNEL32.dll
 0004:000000dc       __imp__SetConsoleMode@8    004060dc     kernel32:KERNEL32.dll
 0004:000000e0       __imp__SetConsoleTextAttribute@8 004060e0     kernel32:KERNEL32.dll
 0004:000000e4       __imp__Sleep@4             004060e4     kernel32:KERNEL32.dll
 0004:000000e8       __imp__SystemTimeToFileTime@8 004060e8     kernel32:KERNEL32.dll
 0004:000000ec       __imp__WriteConsoleA@20    004060ec     kernel32:KERNEL32.dll
 0004:000000f0       __imp__WriteConsoleOutputCharacterA@20 004060f0     kernel32:KERNEL32.dll
 0004:000000f4       __imp__WriteConsoleOutputAttribute@20 004060f4     kernel32:KERNEL32.dll
 0004:000000f8       \177KERNEL32_NULL_THUNK_DATA 004060f8     kernel32:KERNEL32.dll

 entry point at        0001:00000010

