 eje2

 Timestamp is 544e53f1 (Mon Oct 27 08:17:21 2014)

 Preferred load address is 00400000

 Start         Length     Name                   Class
 0001:00000000 000021a9H .text                   CODE
 0002:00000000 00000121H .rdata                  DATA
 0002:00000121 00000000H .edata                  DATA
 0003:00000000 00000abeH .data                   DATA
 0003:00000ac0 00000275H .bss                    DATA
 0004:00000000 00000014H .idata$2                DATA
 0004:00000014 00000014H .idata$3                DATA
 0004:00000028 00000084H .idata$4                DATA
 0004:000000ac 00000084H .idata$5                DATA
 0004:00000130 000002beH .idata$6                DATA

  Address         Publics by Value              Rva+Base     Lib:Object

 0001:00000010       _main@0                    00401010 f   eje2.obj
 0001:000000ec       _Clrscr@0                  004010ec f   irvine32:Irvine32.obj
 0001:000001b1       _Crlf@0                    004011b1 f   irvine32:Irvine32.obj
 0001:000001cc       _Delay@0                   004011cc f   irvine32:Irvine32.obj
 0001:000001d5       _DumpMem@0                 004011d5 f   irvine32:Irvine32.obj
 0001:000002a5       _DumpRegs@0                004012a5 f   irvine32:Irvine32.obj
 0001:00000477       _GetCommandtail@0          00401477 f   irvine32:Irvine32.obj
 0001:0000049b       _GetDateTime@4             0040149b f   irvine32:Irvine32.obj
 0001:000004cd       _GetMaxXY@0                004014cd f   irvine32:Irvine32.obj
 0001:00000500       _GetMseconds@0             00401500 f   irvine32:Irvine32.obj
 0001:0000055d       _Gotoxy@0                  0040155d f   irvine32:Irvine32.obj
 0001:000005b5       _IsDigit@0                 004015b5 f   irvine32:Irvine32.obj
 0001:000005c2       _RandomRange@0             004015c2 f   irvine32:Irvine32.obj
 0001:000005d7       _Random32@0                004015d7 f   irvine32:Irvine32.obj
 0001:000005f2       _Randomize@0               004015f2 f   irvine32:Irvine32.obj
 0001:0000060b       _ReadChar@0                0040160b f   irvine32:Irvine32.obj
 0001:00000625       _ReadDec@0                 00401625 f   irvine32:Irvine32.obj
 0001:00000692       _ReadHex@0                 00401692 f   irvine32:Irvine32.obj
 0001:0000070d       _ReadInt@0                 0040170d f   irvine32:Irvine32.obj
 0001:000007d3       _ReadKey@0                 004017d3 f   irvine32:Irvine32.obj
 0001:000008ec       _ReadKeyFlush@0            004018ec f   irvine32:Irvine32.obj
 0001:000009ba       _ReadString@0              004019ba f   irvine32:Irvine32.obj
 0001:00000a73       _SetTextColor@0            00401a73 f   irvine32:Irvine32.obj
 0001:00000a98       _Str_compare@8             00401a98 f   irvine32:Irvine32.obj
 0001:00000ac2       _Str_copy@8                00401ac2 f   irvine32:Irvine32.obj
 0001:00000ae5       _Str_length@4              00401ae5 f   irvine32:Irvine32.obj
 0001:00000aff       _Str_trim@8                00401aff f   irvine32:Irvine32.obj
 0001:00000b2c       _Str_ucase@4               00401b2c f   irvine32:Irvine32.obj
 0001:00000b4e       _WaitMsg@0                 00401b4e f   irvine32:Irvine32.obj
 0001:00000ba2       _WriteBin@0                00401ba2 f   irvine32:Irvine32.obj
 0001:00000baf       _WriteBinB@0               00401baf f   irvine32:Irvine32.obj
 0001:00000c02       _WriteChar@0               00401c02 f   irvine32:Irvine32.obj
 0001:00000c34       _WriteDec@0                00401c34 f   irvine32:Irvine32.obj
 0001:00000c75       _WriteHex@0                00401c75 f   irvine32:Irvine32.obj
 0001:00000c82       _WriteHexB@0               00401c82 f   irvine32:Irvine32.obj
 0001:00000d14       _WriteInt@0                00401d14 f   irvine32:Irvine32.obj
 0001:00000d75       _WriteString@0             00401d75 f   irvine32:Irvine32.obj
 0001:00000de0       _ExitProcess@4             00401de0 f   kernel32:KERNEL32.dll
 0001:00000de6       _FlushConsoleInputBuffer@4 00401de6 f   kernel32:KERNEL32.dll
 0001:00000dec       _GetCommandLineA@0         00401dec f   kernel32:KERNEL32.dll
 0001:00000df2       _GetConsoleMode@8          00401df2 f   kernel32:KERNEL32.dll
 0001:00000df8       _GetConsoleScreenBufferInfo@8 00401df8 f   kernel32:KERNEL32.dll
 0001:00000dfe       _GetLocalTime@4            00401dfe f   kernel32:KERNEL32.dll
 0001:00000e04       _GetStdHandle@4            00401e04 f   kernel32:KERNEL32.dll
 0001:00000e0a       _GetSystemTime@4           00401e0a f   kernel32:KERNEL32.dll
 0001:00000e10       _PeekConsoleInputA@16      00401e10 f   kernel32:KERNEL32.dll
 0001:00000e16       _ReadConsoleA@20           00401e16 f   kernel32:KERNEL32.dll
 0001:00000e1c       _ReadConsoleInputA@16      00401e1c f   kernel32:KERNEL32.dll
 0001:00000e22       _SetConsoleCursorPosition@8 00401e22 f   kernel32:KERNEL32.dll
 0001:00000e28       _SetConsoleMode@8          00401e28 f   kernel32:KERNEL32.dll
 0001:00000e2e       _SetConsoleTextAttribute@8 00401e2e f   kernel32:KERNEL32.dll
 0001:00000e34       _Sleep@4                   00401e34 f   kernel32:KERNEL32.dll
 0001:00000e3a       _SystemTimeToFileTime@8    00401e3a f   kernel32:KERNEL32.dll
 0001:00000e40       _WriteConsoleA@20          00401e40 f   kernel32:KERNEL32.dll
 0001:00000e46       _WriteConsoleOutputCharacterA@20 00401e46 f   kernel32:KERNEL32.dll
 0001:00000e4c       _WriteConsoleOutputAttribute@20 00401e4c f   kernel32:KERNEL32.dll
 0004:00000000       __IMPORT_DESCRIPTOR_KERNEL32 00406000     kernel32:KERNEL32.dll
 0004:00000014       __NULL_IMPORT_DESCRIPTOR   00406014     kernel32:KERNEL32.dll
 0004:000000ac       __imp__ExitProcess@4       004060ac     kernel32:KERNEL32.dll
 0004:000000b0       __imp__FlushConsoleInputBuffer@4 004060b0     kernel32:KERNEL32.dll
 0004:000000b4       __imp__GetCommandLineA@0   004060b4     kernel32:KERNEL32.dll
 0004:000000b8       __imp__GetConsoleMode@8    004060b8     kernel32:KERNEL32.dll
 0004:000000bc       __imp__GetConsoleScreenBufferInfo@8 004060bc     kernel32:KERNEL32.dll
 0004:000000c0       __imp__GetLocalTime@4      004060c0     kernel32:KERNEL32.dll
 0004:000000c4       __imp__GetStdHandle@4      004060c4     kernel32:KERNEL32.dll
 0004:000000c8       __imp__GetSystemTime@4     004060c8     kernel32:KERNEL32.dll
 0004:000000cc       __imp__PeekConsoleInputA@16 004060cc     kernel32:KERNEL32.dll
 0004:000000d0       __imp__ReadConsoleA@20     004060d0     kernel32:KERNEL32.dll
 0004:000000d4       __imp__ReadConsoleInputA@16 004060d4     kernel32:KERNEL32.dll
 0004:000000d8       __imp__SetConsoleCursorPosition@8 004060d8     kernel32:KERNEL32.dll
 0004:000000dc       __imp__SetConsoleMode@8    004060dc     kernel32:KERNEL32.dll
 0004:000000e0       __imp__SetConsoleTextAttribute@8 004060e0     kernel32:KERNEL32.dll
 0004:000000e4       __imp__Sleep@4             004060e4     kernel32:KERNEL32.dll
 0004:000000e8       __imp__SystemTimeToFileTime@8 004060e8     kernel32:KERNEL32.dll
 0004:000000ec       __imp__WriteConsoleA@20    004060ec     kernel32:KERNEL32.dll
 0004:000000f0       __imp__WriteConsoleOutputCharacterA@20 004060f0     kernel32:KERNEL32.dll
 0004:000000f4       __imp__WriteConsoleOutputAttribute@20 004060f4     kernel32:KERNEL32.dll
 0004:000000f8       \177KERNEL32_NULL_THUNK_DATA 004060f8     kernel32:KERNEL32.dll

 entry point at        0001:00000010

