 eje1

 Timestamp is 543e7fe2 (Wed Oct 15 09:08:34 2014)

 Preferred load address is 00400000

 Start         Length     Name                   Class
 0001:00000000 000020edH .text                   CODE
 0002:00000000 00000121H .rdata                  DATA
 0002:00000121 00000000H .edata                  DATA
 0003:00000000 00000a6aH .data                   DATA
 0003:00000a6c 00000275H .bss                    DATA
 0004:00000000 00000014H .idata$2                DATA
 0004:00000014 00000014H .idata$3                DATA
 0004:00000028 00000084H .idata$4                DATA
 0004:000000ac 00000084H .idata$5                DATA
 0004:00000130 000002beH .idata$6                DATA

  Address         Publics by Value              Rva+Base     Lib:Object

 0001:00000010       _main@0                    00401010 f   eje1.obj
 0001:00000030       _Clrscr@0                  00401030 f   irvine32:Irvine32.obj
 0001:000000f5       _Crlf@0                    004010f5 f   irvine32:Irvine32.obj
 0001:00000110       _Delay@0                   00401110 f   irvine32:Irvine32.obj
 0001:00000119       _DumpMem@0                 00401119 f   irvine32:Irvine32.obj
 0001:000001e9       _DumpRegs@0                004011e9 f   irvine32:Irvine32.obj
 0001:000003bb       _GetCommandtail@0          004013bb f   irvine32:Irvine32.obj
 0001:000003df       _GetDateTime@4             004013df f   irvine32:Irvine32.obj
 0001:00000411       _GetMaxXY@0                00401411 f   irvine32:Irvine32.obj
 0001:00000444       _GetMseconds@0             00401444 f   irvine32:Irvine32.obj
 0001:000004a1       _Gotoxy@0                  004014a1 f   irvine32:Irvine32.obj
 0001:000004f9       _IsDigit@0                 004014f9 f   irvine32:Irvine32.obj
 0001:00000506       _RandomRange@0             00401506 f   irvine32:Irvine32.obj
 0001:0000051b       _Random32@0                0040151b f   irvine32:Irvine32.obj
 0001:00000536       _Randomize@0               00401536 f   irvine32:Irvine32.obj
 0001:0000054f       _ReadChar@0                0040154f f   irvine32:Irvine32.obj
 0001:00000569       _ReadDec@0                 00401569 f   irvine32:Irvine32.obj
 0001:000005d6       _ReadHex@0                 004015d6 f   irvine32:Irvine32.obj
 0001:00000651       _ReadInt@0                 00401651 f   irvine32:Irvine32.obj
 0001:00000717       _ReadKey@0                 00401717 f   irvine32:Irvine32.obj
 0001:00000830       _ReadKeyFlush@0            00401830 f   irvine32:Irvine32.obj
 0001:000008fe       _ReadString@0              004018fe f   irvine32:Irvine32.obj
 0001:000009b7       _SetTextColor@0            004019b7 f   irvine32:Irvine32.obj
 0001:000009dc       _Str_compare@8             004019dc f   irvine32:Irvine32.obj
 0001:00000a06       _Str_copy@8                00401a06 f   irvine32:Irvine32.obj
 0001:00000a29       _Str_length@4              00401a29 f   irvine32:Irvine32.obj
 0001:00000a43       _Str_trim@8                00401a43 f   irvine32:Irvine32.obj
 0001:00000a70       _Str_ucase@4               00401a70 f   irvine32:Irvine32.obj
 0001:00000a92       _WaitMsg@0                 00401a92 f   irvine32:Irvine32.obj
 0001:00000ae6       _WriteBin@0                00401ae6 f   irvine32:Irvine32.obj
 0001:00000af3       _WriteBinB@0               00401af3 f   irvine32:Irvine32.obj
 0001:00000b46       _WriteChar@0               00401b46 f   irvine32:Irvine32.obj
 0001:00000b78       _WriteDec@0                00401b78 f   irvine32:Irvine32.obj
 0001:00000bb9       _WriteHex@0                00401bb9 f   irvine32:Irvine32.obj
 0001:00000bc6       _WriteHexB@0               00401bc6 f   irvine32:Irvine32.obj
 0001:00000c58       _WriteInt@0                00401c58 f   irvine32:Irvine32.obj
 0001:00000cb9       _WriteString@0             00401cb9 f   irvine32:Irvine32.obj
 0001:00000d24       _ExitProcess@4             00401d24 f   kernel32:KERNEL32.dll
 0001:00000d2a       _FlushConsoleInputBuffer@4 00401d2a f   kernel32:KERNEL32.dll
 0001:00000d30       _GetCommandLineA@0         00401d30 f   kernel32:KERNEL32.dll
 0001:00000d36       _GetConsoleMode@8          00401d36 f   kernel32:KERNEL32.dll
 0001:00000d3c       _GetConsoleScreenBufferInfo@8 00401d3c f   kernel32:KERNEL32.dll
 0001:00000d42       _GetLocalTime@4            00401d42 f   kernel32:KERNEL32.dll
 0001:00000d48       _GetStdHandle@4            00401d48 f   kernel32:KERNEL32.dll
 0001:00000d4e       _GetSystemTime@4           00401d4e f   kernel32:KERNEL32.dll
 0001:00000d54       _PeekConsoleInputA@16      00401d54 f   kernel32:KERNEL32.dll
 0001:00000d5a       _ReadConsoleA@20           00401d5a f   kernel32:KERNEL32.dll
 0001:00000d60       _ReadConsoleInputA@16      00401d60 f   kernel32:KERNEL32.dll
 0001:00000d66       _SetConsoleCursorPosition@8 00401d66 f   kernel32:KERNEL32.dll
 0001:00000d6c       _SetConsoleMode@8          00401d6c f   kernel32:KERNEL32.dll
 0001:00000d72       _SetConsoleTextAttribute@8 00401d72 f   kernel32:KERNEL32.dll
 0001:00000d78       _Sleep@4                   00401d78 f   kernel32:KERNEL32.dll
 0001:00000d7e       _SystemTimeToFileTime@8    00401d7e f   kernel32:KERNEL32.dll
 0001:00000d84       _WriteConsoleA@20          00401d84 f   kernel32:KERNEL32.dll
 0001:00000d8a       _WriteConsoleOutputCharacterA@20 00401d8a f   kernel32:KERNEL32.dll
 0001:00000d90       _WriteConsoleOutputAttribute@20 00401d90 f   kernel32:KERNEL32.dll
 0004:00000000       __IMPORT_DESCRIPTOR_KERNEL32 00406000     kernel32:KERNEL32.dll
 0004:00000014       __NULL_IMPORT_DESCRIPTOR   00406014     kernel32:KERNEL32.dll
 0004:000000ac       __imp__ExitProcess@4       004060ac     kernel32:KERNEL32.dll
 0004:000000b0       __imp__FlushConsoleInputBuffer@4 004060b0     kernel32:KERNEL32.dll
 0004:000000b4       __imp__GetCommandLineA@0   004060b4     kernel32:KERNEL32.dll
 0004:000000b8       __imp__GetConsoleMode@8    004060b8     kernel32:KERNEL32.dll
 0004:000000bc       __imp__GetConsoleScreenBufferInfo@8 004060bc     kernel32:KERNEL32.dll
 0004:000000c0       __imp__GetLocalTime@4      004060c0     kernel32:KERNEL32.dll
 0004:000000c4       __imp__GetStdHandle@4      004060c4     kernel32:KERNEL32.dll
 0004:000000c8       __imp__GetSystemTime@4     004060c8     kernel32:KERNEL32.dll
 0004:000000cc       __imp__PeekConsoleInputA@16 004060cc     kernel32:KERNEL32.dll
 0004:000000d0       __imp__ReadConsoleA@20     004060d0     kernel32:KERNEL32.dll
 0004:000000d4       __imp__ReadConsoleInputA@16 004060d4     kernel32:KERNEL32.dll
 0004:000000d8       __imp__SetConsoleCursorPosition@8 004060d8     kernel32:KERNEL32.dll
 0004:000000dc       __imp__SetConsoleMode@8    004060dc     kernel32:KERNEL32.dll
 0004:000000e0       __imp__SetConsoleTextAttribute@8 004060e0     kernel32:KERNEL32.dll
 0004:000000e4       __imp__Sleep@4             004060e4     kernel32:KERNEL32.dll
 0004:000000e8       __imp__SystemTimeToFileTime@8 004060e8     kernel32:KERNEL32.dll
 0004:000000ec       __imp__WriteConsoleA@20    004060ec     kernel32:KERNEL32.dll
 0004:000000f0       __imp__WriteConsoleOutputCharacterA@20 004060f0     kernel32:KERNEL32.dll
 0004:000000f4       __imp__WriteConsoleOutputAttribute@20 004060f4     kernel32:KERNEL32.dll
 0004:000000f8       \177KERNEL32_NULL_THUNK_DATA 004060f8     kernel32:KERNEL32.dll

 entry point at        0001:00000010

