 ej4

 Timestamp is 54451726 (Mon Oct 20 09:07:34 2014)

 Preferred load address is 00400000

 Start         Length     Name                   Class
 0001:00000000 00002126H .text                   CODE
 0002:00000000 00000121H .rdata                  DATA
 0002:00000121 00000000H .edata                  DATA
 0003:00000000 00000a78H .data                   DATA
 0003:00000a78 00000275H .bss                    DATA
 0004:00000000 00000014H .idata$2                DATA
 0004:00000014 00000014H .idata$3                DATA
 0004:00000028 00000084H .idata$4                DATA
 0004:000000ac 00000084H .idata$5                DATA
 0004:00000130 000002beH .idata$6                DATA

  Address         Publics by Value              Rva+Base     Lib:Object

 0001:00000010       _main@0                    00401010 f   ej4.obj
 0001:00000068       _Clrscr@0                  00401068 f   irvine32:Irvine32.obj
 0001:0000012d       _Crlf@0                    0040112d f   irvine32:Irvine32.obj
 0001:00000148       _Delay@0                   00401148 f   irvine32:Irvine32.obj
 0001:00000151       _DumpMem@0                 00401151 f   irvine32:Irvine32.obj
 0001:00000221       _DumpRegs@0                00401221 f   irvine32:Irvine32.obj
 0001:000003f3       _GetCommandtail@0          004013f3 f   irvine32:Irvine32.obj
 0001:00000417       _GetDateTime@4             00401417 f   irvine32:Irvine32.obj
 0001:00000449       _GetMaxXY@0                00401449 f   irvine32:Irvine32.obj
 0001:0000047c       _GetMseconds@0             0040147c f   irvine32:Irvine32.obj
 0001:000004d9       _Gotoxy@0                  004014d9 f   irvine32:Irvine32.obj
 0001:00000531       _IsDigit@0                 00401531 f   irvine32:Irvine32.obj
 0001:0000053e       _RandomRange@0             0040153e f   irvine32:Irvine32.obj
 0001:00000553       _Random32@0                00401553 f   irvine32:Irvine32.obj
 0001:0000056e       _Randomize@0               0040156e f   irvine32:Irvine32.obj
 0001:00000587       _ReadChar@0                00401587 f   irvine32:Irvine32.obj
 0001:000005a1       _ReadDec@0                 004015a1 f   irvine32:Irvine32.obj
 0001:0000060e       _ReadHex@0                 0040160e f   irvine32:Irvine32.obj
 0001:00000689       _ReadInt@0                 00401689 f   irvine32:Irvine32.obj
 0001:0000074f       _ReadKey@0                 0040174f f   irvine32:Irvine32.obj
 0001:00000868       _ReadKeyFlush@0            00401868 f   irvine32:Irvine32.obj
 0001:00000936       _ReadString@0              00401936 f   irvine32:Irvine32.obj
 0001:000009ef       _SetTextColor@0            004019ef f   irvine32:Irvine32.obj
 0001:00000a14       _Str_compare@8             00401a14 f   irvine32:Irvine32.obj
 0001:00000a3e       _Str_copy@8                00401a3e f   irvine32:Irvine32.obj
 0001:00000a61       _Str_length@4              00401a61 f   irvine32:Irvine32.obj
 0001:00000a7b       _Str_trim@8                00401a7b f   irvine32:Irvine32.obj
 0001:00000aa8       _Str_ucase@4               00401aa8 f   irvine32:Irvine32.obj
 0001:00000aca       _WaitMsg@0                 00401aca f   irvine32:Irvine32.obj
 0001:00000b1e       _WriteBin@0                00401b1e f   irvine32:Irvine32.obj
 0001:00000b2b       _WriteBinB@0               00401b2b f   irvine32:Irvine32.obj
 0001:00000b7e       _WriteChar@0               00401b7e f   irvine32:Irvine32.obj
 0001:00000bb0       _WriteDec@0                00401bb0 f   irvine32:Irvine32.obj
 0001:00000bf1       _WriteHex@0                00401bf1 f   irvine32:Irvine32.obj
 0001:00000bfe       _WriteHexB@0               00401bfe f   irvine32:Irvine32.obj
 0001:00000c90       _WriteInt@0                00401c90 f   irvine32:Irvine32.obj
 0001:00000cf1       _WriteString@0             00401cf1 f   irvine32:Irvine32.obj
 0001:00000d5c       _ExitProcess@4             00401d5c f   kernel32:KERNEL32.dll
 0001:00000d62       _FlushConsoleInputBuffer@4 00401d62 f   kernel32:KERNEL32.dll
 0001:00000d68       _GetCommandLineA@0         00401d68 f   kernel32:KERNEL32.dll
 0001:00000d6e       _GetConsoleMode@8          00401d6e f   kernel32:KERNEL32.dll
 0001:00000d74       _GetConsoleScreenBufferInfo@8 00401d74 f   kernel32:KERNEL32.dll
 0001:00000d7a       _GetLocalTime@4            00401d7a f   kernel32:KERNEL32.dll
 0001:00000d80       _GetStdHandle@4            00401d80 f   kernel32:KERNEL32.dll
 0001:00000d86       _GetSystemTime@4           00401d86 f   kernel32:KERNEL32.dll
 0001:00000d8c       _PeekConsoleInputA@16      00401d8c f   kernel32:KERNEL32.dll
 0001:00000d92       _ReadConsoleA@20           00401d92 f   kernel32:KERNEL32.dll
 0001:00000d98       _ReadConsoleInputA@16      00401d98 f   kernel32:KERNEL32.dll
 0001:00000d9e       _SetConsoleCursorPosition@8 00401d9e f   kernel32:KERNEL32.dll
 0001:00000da4       _SetConsoleMode@8          00401da4 f   kernel32:KERNEL32.dll
 0001:00000daa       _SetConsoleTextAttribute@8 00401daa f   kernel32:KERNEL32.dll
 0001:00000db0       _Sleep@4                   00401db0 f   kernel32:KERNEL32.dll
 0001:00000db6       _SystemTimeToFileTime@8    00401db6 f   kernel32:KERNEL32.dll
 0001:00000dbc       _WriteConsoleA@20          00401dbc f   kernel32:KERNEL32.dll
 0001:00000dc2       _WriteConsoleOutputCharacterA@20 00401dc2 f   kernel32:KERNEL32.dll
 0001:00000dc8       _WriteConsoleOutputAttribute@20 00401dc8 f   kernel32:KERNEL32.dll
 0004:00000000       __IMPORT_DESCRIPTOR_KERNEL32 00406000     kernel32:KERNEL32.dll
 0004:00000014       __NULL_IMPORT_DESCRIPTOR   00406014     kernel32:KERNEL32.dll
 0004:000000ac       __imp__ExitProcess@4       004060ac     kernel32:KERNEL32.dll
 0004:000000b0       __imp__FlushConsoleInputBuffer@4 004060b0     kernel32:KERNEL32.dll
 0004:000000b4       __imp__GetCommandLineA@0   004060b4     kernel32:KERNEL32.dll
 0004:000000b8       __imp__GetConsoleMode@8    004060b8     kernel32:KERNEL32.dll
 0004:000000bc       __imp__GetConsoleScreenBufferInfo@8 004060bc     kernel32:KERNEL32.dll
 0004:000000c0       __imp__GetLocalTime@4      004060c0     kernel32:KERNEL32.dll
 0004:000000c4       __imp__GetStdHandle@4      004060c4     kernel32:KERNEL32.dll
 0004:000000c8       __imp__GetSystemTime@4     004060c8     kernel32:KERNEL32.dll
 0004:000000cc       __imp__PeekConsoleInputA@16 004060cc     kernel32:KERNEL32.dll
 0004:000000d0       __imp__ReadConsoleA@20     004060d0     kernel32:KERNEL32.dll
 0004:000000d4       __imp__ReadConsoleInputA@16 004060d4     kernel32:KERNEL32.dll
 0004:000000d8       __imp__SetConsoleCursorPosition@8 004060d8     kernel32:KERNEL32.dll
 0004:000000dc       __imp__SetConsoleMode@8    004060dc     kernel32:KERNEL32.dll
 0004:000000e0       __imp__SetConsoleTextAttribute@8 004060e0     kernel32:KERNEL32.dll
 0004:000000e4       __imp__Sleep@4             004060e4     kernel32:KERNEL32.dll
 0004:000000e8       __imp__SystemTimeToFileTime@8 004060e8     kernel32:KERNEL32.dll
 0004:000000ec       __imp__WriteConsoleA@20    004060ec     kernel32:KERNEL32.dll
 0004:000000f0       __imp__WriteConsoleOutputCharacterA@20 004060f0     kernel32:KERNEL32.dll
 0004:000000f4       __imp__WriteConsoleOutputAttribute@20 004060f4     kernel32:KERNEL32.dll
 0004:000000f8       \177KERNEL32_NULL_THUNK_DATA 004060f8     kernel32:KERNEL32.dll

 entry point at        0001:00000010

