 ejer02

 Timestamp is 545168d2 (Wed Oct 29 16:23:14 2014)

 Preferred load address is 00400000

 Start         Length     Name                   Class
 0001:00000000 00002375H .text                   CODE
 0002:00000000 00000121H .rdata                  DATA
 0002:00000121 00000000H .edata                  DATA
 0003:00000000 00000b93H .data                   DATA
 0003:00000b94 00000275H .bss                    DATA
 0004:00000000 00000014H .idata$2                DATA
 0004:00000014 00000014H .idata$3                DATA
 0004:00000028 00000084H .idata$4                DATA
 0004:000000ac 00000084H .idata$5                DATA
 0004:00000130 000002beH .idata$6                DATA

  Address         Publics by Value              Rva+Base     Lib:Object

 0001:00000010       _main@0                    00401010 f   ejer02.obj
 0001:000002b8       _Clrscr@0                  004012b8 f   irvine32:Irvine32.obj
 0001:0000037d       _Crlf@0                    0040137d f   irvine32:Irvine32.obj
 0001:00000398       _Delay@0                   00401398 f   irvine32:Irvine32.obj
 0001:000003a1       _DumpMem@0                 004013a1 f   irvine32:Irvine32.obj
 0001:00000471       _DumpRegs@0                00401471 f   irvine32:Irvine32.obj
 0001:00000643       _GetCommandtail@0          00401643 f   irvine32:Irvine32.obj
 0001:00000667       _GetDateTime@4             00401667 f   irvine32:Irvine32.obj
 0001:00000699       _GetMaxXY@0                00401699 f   irvine32:Irvine32.obj
 0001:000006cc       _GetMseconds@0             004016cc f   irvine32:Irvine32.obj
 0001:00000729       _Gotoxy@0                  00401729 f   irvine32:Irvine32.obj
 0001:00000781       _IsDigit@0                 00401781 f   irvine32:Irvine32.obj
 0001:0000078e       _RandomRange@0             0040178e f   irvine32:Irvine32.obj
 0001:000007a3       _Random32@0                004017a3 f   irvine32:Irvine32.obj
 0001:000007be       _Randomize@0               004017be f   irvine32:Irvine32.obj
 0001:000007d7       _ReadChar@0                004017d7 f   irvine32:Irvine32.obj
 0001:000007f1       _ReadDec@0                 004017f1 f   irvine32:Irvine32.obj
 0001:0000085e       _ReadHex@0                 0040185e f   irvine32:Irvine32.obj
 0001:000008d9       _ReadInt@0                 004018d9 f   irvine32:Irvine32.obj
 0001:0000099f       _ReadKey@0                 0040199f f   irvine32:Irvine32.obj
 0001:00000ab8       _ReadKeyFlush@0            00401ab8 f   irvine32:Irvine32.obj
 0001:00000b86       _ReadString@0              00401b86 f   irvine32:Irvine32.obj
 0001:00000c3f       _SetTextColor@0            00401c3f f   irvine32:Irvine32.obj
 0001:00000c64       _Str_compare@8             00401c64 f   irvine32:Irvine32.obj
 0001:00000c8e       _Str_copy@8                00401c8e f   irvine32:Irvine32.obj
 0001:00000cb1       _Str_length@4              00401cb1 f   irvine32:Irvine32.obj
 0001:00000ccb       _Str_trim@8                00401ccb f   irvine32:Irvine32.obj
 0001:00000cf8       _Str_ucase@4               00401cf8 f   irvine32:Irvine32.obj
 0001:00000d1a       _WaitMsg@0                 00401d1a f   irvine32:Irvine32.obj
 0001:00000d6e       _WriteBin@0                00401d6e f   irvine32:Irvine32.obj
 0001:00000d7b       _WriteBinB@0               00401d7b f   irvine32:Irvine32.obj
 0001:00000dce       _WriteChar@0               00401dce f   irvine32:Irvine32.obj
 0001:00000e00       _WriteDec@0                00401e00 f   irvine32:Irvine32.obj
 0001:00000e41       _WriteHex@0                00401e41 f   irvine32:Irvine32.obj
 0001:00000e4e       _WriteHexB@0               00401e4e f   irvine32:Irvine32.obj
 0001:00000ee0       _WriteInt@0                00401ee0 f   irvine32:Irvine32.obj
 0001:00000f41       _WriteString@0             00401f41 f   irvine32:Irvine32.obj
 0001:00000fac       _ExitProcess@4             00401fac f   kernel32:KERNEL32.dll
 0001:00000fb2       _FlushConsoleInputBuffer@4 00401fb2 f   kernel32:KERNEL32.dll
 0001:00000fb8       _GetCommandLineA@0         00401fb8 f   kernel32:KERNEL32.dll
 0001:00000fbe       _GetConsoleMode@8          00401fbe f   kernel32:KERNEL32.dll
 0001:00000fc4       _GetConsoleScreenBufferInfo@8 00401fc4 f   kernel32:KERNEL32.dll
 0001:00000fca       _GetLocalTime@4            00401fca f   kernel32:KERNEL32.dll
 0001:00000fd0       _GetStdHandle@4            00401fd0 f   kernel32:KERNEL32.dll
 0001:00000fd6       _GetSystemTime@4           00401fd6 f   kernel32:KERNEL32.dll
 0001:00000fdc       _PeekConsoleInputA@16      00401fdc f   kernel32:KERNEL32.dll
 0001:00000fe2       _ReadConsoleA@20           00401fe2 f   kernel32:KERNEL32.dll
 0001:00000fe8       _ReadConsoleInputA@16      00401fe8 f   kernel32:KERNEL32.dll
 0001:00000fee       _SetConsoleCursorPosition@8 00401fee f   kernel32:KERNEL32.dll
 0001:00000ff4       _SetConsoleMode@8          00401ff4 f   kernel32:KERNEL32.dll
 0001:00000ffa       _SetConsoleTextAttribute@8 00401ffa f   kernel32:KERNEL32.dll
 0001:00001000       _Sleep@4                   00402000 f   kernel32:KERNEL32.dll
 0001:00001006       _SystemTimeToFileTime@8    00402006 f   kernel32:KERNEL32.dll
 0001:0000100c       _WriteConsoleA@20          0040200c f   kernel32:KERNEL32.dll
 0001:00001012       _WriteConsoleOutputCharacterA@20 00402012 f   kernel32:KERNEL32.dll
 0001:00001018       _WriteConsoleOutputAttribute@20 00402018 f   kernel32:KERNEL32.dll
 0004:00000000       __IMPORT_DESCRIPTOR_KERNEL32 00406000     kernel32:KERNEL32.dll
 0004:00000014       __NULL_IMPORT_DESCRIPTOR   00406014     kernel32:KERNEL32.dll
 0004:000000ac       __imp__ExitProcess@4       004060ac     kernel32:KERNEL32.dll
 0004:000000b0       __imp__FlushConsoleInputBuffer@4 004060b0     kernel32:KERNEL32.dll
 0004:000000b4       __imp__GetCommandLineA@0   004060b4     kernel32:KERNEL32.dll
 0004:000000b8       __imp__GetConsoleMode@8    004060b8     kernel32:KERNEL32.dll
 0004:000000bc       __imp__GetConsoleScreenBufferInfo@8 004060bc     kernel32:KERNEL32.dll
 0004:000000c0       __imp__GetLocalTime@4      004060c0     kernel32:KERNEL32.dll
 0004:000000c4       __imp__GetStdHandle@4      004060c4     kernel32:KERNEL32.dll
 0004:000000c8       __imp__GetSystemTime@4     004060c8     kernel32:KERNEL32.dll
 0004:000000cc       __imp__PeekConsoleInputA@16 004060cc     kernel32:KERNEL32.dll
 0004:000000d0       __imp__ReadConsoleA@20     004060d0     kernel32:KERNEL32.dll
 0004:000000d4       __imp__ReadConsoleInputA@16 004060d4     kernel32:KERNEL32.dll
 0004:000000d8       __imp__SetConsoleCursorPosition@8 004060d8     kernel32:KERNEL32.dll
 0004:000000dc       __imp__SetConsoleMode@8    004060dc     kernel32:KERNEL32.dll
 0004:000000e0       __imp__SetConsoleTextAttribute@8 004060e0     kernel32:KERNEL32.dll
 0004:000000e4       __imp__Sleep@4             004060e4     kernel32:KERNEL32.dll
 0004:000000e8       __imp__SystemTimeToFileTime@8 004060e8     kernel32:KERNEL32.dll
 0004:000000ec       __imp__WriteConsoleA@20    004060ec     kernel32:KERNEL32.dll
 0004:000000f0       __imp__WriteConsoleOutputCharacterA@20 004060f0     kernel32:KERNEL32.dll
 0004:000000f4       __imp__WriteConsoleOutputAttribute@20 004060f4     kernel32:KERNEL32.dll
 0004:000000f8       \177KERNEL32_NULL_THUNK_DATA 004060f8     kernel32:KERNEL32.dll

 entry point at        0001:00000010

