 eje4

 Timestamp is 543e784f (Wed Oct 15 08:36:15 2014)

 Preferred load address is 00400000

 Start         Length     Name                   Class
 0001:00000000 0000214aH .text                   CODE
 0002:00000000 00000121H .rdata                  DATA
 0002:00000121 00000000H .edata                  DATA
 0003:00000000 00000aa3H .data                   DATA
 0003:00000aa4 00000275H .bss                    DATA
 0004:00000000 00000014H .idata$2                DATA
 0004:00000014 00000014H .idata$3                DATA
 0004:00000028 00000084H .idata$4                DATA
 0004:000000ac 00000084H .idata$5                DATA
 0004:00000130 000002beH .idata$6                DATA

  Address         Publics by Value              Rva+Base     Lib:Object

 0001:00000010       _main@0                    00401010 f   eje4.obj
 0001:0000008c       _Clrscr@0                  0040108c f   irvine32:Irvine32.obj
 0001:00000151       _Crlf@0                    00401151 f   irvine32:Irvine32.obj
 0001:0000016c       _Delay@0                   0040116c f   irvine32:Irvine32.obj
 0001:00000175       _DumpMem@0                 00401175 f   irvine32:Irvine32.obj
 0001:00000245       _DumpRegs@0                00401245 f   irvine32:Irvine32.obj
 0001:00000417       _GetCommandtail@0          00401417 f   irvine32:Irvine32.obj
 0001:0000043b       _GetDateTime@4             0040143b f   irvine32:Irvine32.obj
 0001:0000046d       _GetMaxXY@0                0040146d f   irvine32:Irvine32.obj
 0001:000004a0       _GetMseconds@0             004014a0 f   irvine32:Irvine32.obj
 0001:000004fd       _Gotoxy@0                  004014fd f   irvine32:Irvine32.obj
 0001:00000555       _IsDigit@0                 00401555 f   irvine32:Irvine32.obj
 0001:00000562       _RandomRange@0             00401562 f   irvine32:Irvine32.obj
 0001:00000577       _Random32@0                00401577 f   irvine32:Irvine32.obj
 0001:00000592       _Randomize@0               00401592 f   irvine32:Irvine32.obj
 0001:000005ab       _ReadChar@0                004015ab f   irvine32:Irvine32.obj
 0001:000005c5       _ReadDec@0                 004015c5 f   irvine32:Irvine32.obj
 0001:00000632       _ReadHex@0                 00401632 f   irvine32:Irvine32.obj
 0001:000006ad       _ReadInt@0                 004016ad f   irvine32:Irvine32.obj
 0001:00000773       _ReadKey@0                 00401773 f   irvine32:Irvine32.obj
 0001:0000088c       _ReadKeyFlush@0            0040188c f   irvine32:Irvine32.obj
 0001:0000095a       _ReadString@0              0040195a f   irvine32:Irvine32.obj
 0001:00000a13       _SetTextColor@0            00401a13 f   irvine32:Irvine32.obj
 0001:00000a38       _Str_compare@8             00401a38 f   irvine32:Irvine32.obj
 0001:00000a62       _Str_copy@8                00401a62 f   irvine32:Irvine32.obj
 0001:00000a85       _Str_length@4              00401a85 f   irvine32:Irvine32.obj
 0001:00000a9f       _Str_trim@8                00401a9f f   irvine32:Irvine32.obj
 0001:00000acc       _Str_ucase@4               00401acc f   irvine32:Irvine32.obj
 0001:00000aee       _WaitMsg@0                 00401aee f   irvine32:Irvine32.obj
 0001:00000b42       _WriteBin@0                00401b42 f   irvine32:Irvine32.obj
 0001:00000b4f       _WriteBinB@0               00401b4f f   irvine32:Irvine32.obj
 0001:00000ba2       _WriteChar@0               00401ba2 f   irvine32:Irvine32.obj
 0001:00000bd4       _WriteDec@0                00401bd4 f   irvine32:Irvine32.obj
 0001:00000c15       _WriteHex@0                00401c15 f   irvine32:Irvine32.obj
 0001:00000c22       _WriteHexB@0               00401c22 f   irvine32:Irvine32.obj
 0001:00000cb4       _WriteInt@0                00401cb4 f   irvine32:Irvine32.obj
 0001:00000d15       _WriteString@0             00401d15 f   irvine32:Irvine32.obj
 0001:00000d80       _ExitProcess@4             00401d80 f   kernel32:KERNEL32.dll
 0001:00000d86       _FlushConsoleInputBuffer@4 00401d86 f   kernel32:KERNEL32.dll
 0001:00000d8c       _GetCommandLineA@0         00401d8c f   kernel32:KERNEL32.dll
 0001:00000d92       _GetConsoleMode@8          00401d92 f   kernel32:KERNEL32.dll
 0001:00000d98       _GetConsoleScreenBufferInfo@8 00401d98 f   kernel32:KERNEL32.dll
 0001:00000d9e       _GetLocalTime@4            00401d9e f   kernel32:KERNEL32.dll
 0001:00000da4       _GetStdHandle@4            00401da4 f   kernel32:KERNEL32.dll
 0001:00000daa       _GetSystemTime@4           00401daa f   kernel32:KERNEL32.dll
 0001:00000db0       _PeekConsoleInputA@16      00401db0 f   kernel32:KERNEL32.dll
 0001:00000db6       _ReadConsoleA@20           00401db6 f   kernel32:KERNEL32.dll
 0001:00000dbc       _ReadConsoleInputA@16      00401dbc f   kernel32:KERNEL32.dll
 0001:00000dc2       _SetConsoleCursorPosition@8 00401dc2 f   kernel32:KERNEL32.dll
 0001:00000dc8       _SetConsoleMode@8          00401dc8 f   kernel32:KERNEL32.dll
 0001:00000dce       _SetConsoleTextAttribute@8 00401dce f   kernel32:KERNEL32.dll
 0001:00000dd4       _Sleep@4                   00401dd4 f   kernel32:KERNEL32.dll
 0001:00000dda       _SystemTimeToFileTime@8    00401dda f   kernel32:KERNEL32.dll
 0001:00000de0       _WriteConsoleA@20          00401de0 f   kernel32:KERNEL32.dll
 0001:00000de6       _WriteConsoleOutputCharacterA@20 00401de6 f   kernel32:KERNEL32.dll
 0001:00000dec       _WriteConsoleOutputAttribute@20 00401dec f   kernel32:KERNEL32.dll
 0004:00000000       __IMPORT_DESCRIPTOR_KERNEL32 00406000     kernel32:KERNEL32.dll
 0004:00000014       __NULL_IMPORT_DESCRIPTOR   00406014     kernel32:KERNEL32.dll
 0004:000000ac       __imp__ExitProcess@4       004060ac     kernel32:KERNEL32.dll
 0004:000000b0       __imp__FlushConsoleInputBuffer@4 004060b0     kernel32:KERNEL32.dll
 0004:000000b4       __imp__GetCommandLineA@0   004060b4     kernel32:KERNEL32.dll
 0004:000000b8       __imp__GetConsoleMode@8    004060b8     kernel32:KERNEL32.dll
 0004:000000bc       __imp__GetConsoleScreenBufferInfo@8 004060bc     kernel32:KERNEL32.dll
 0004:000000c0       __imp__GetLocalTime@4      004060c0     kernel32:KERNEL32.dll
 0004:000000c4       __imp__GetStdHandle@4      004060c4     kernel32:KERNEL32.dll
 0004:000000c8       __imp__GetSystemTime@4     004060c8     kernel32:KERNEL32.dll
 0004:000000cc       __imp__PeekConsoleInputA@16 004060cc     kernel32:KERNEL32.dll
 0004:000000d0       __imp__ReadConsoleA@20     004060d0     kernel32:KERNEL32.dll
 0004:000000d4       __imp__ReadConsoleInputA@16 004060d4     kernel32:KERNEL32.dll
 0004:000000d8       __imp__SetConsoleCursorPosition@8 004060d8     kernel32:KERNEL32.dll
 0004:000000dc       __imp__SetConsoleMode@8    004060dc     kernel32:KERNEL32.dll
 0004:000000e0       __imp__SetConsoleTextAttribute@8 004060e0     kernel32:KERNEL32.dll
 0004:000000e4       __imp__Sleep@4             004060e4     kernel32:KERNEL32.dll
 0004:000000e8       __imp__SystemTimeToFileTime@8 004060e8     kernel32:KERNEL32.dll
 0004:000000ec       __imp__WriteConsoleA@20    004060ec     kernel32:KERNEL32.dll
 0004:000000f0       __imp__WriteConsoleOutputCharacterA@20 004060f0     kernel32:KERNEL32.dll
 0004:000000f4       __imp__WriteConsoleOutputAttribute@20 004060f4     kernel32:KERNEL32.dll
 0004:000000f8       \177KERNEL32_NULL_THUNK_DATA 004060f8     kernel32:KERNEL32.dll

 entry point at        0001:00000010

