 ejer01RotarHexa

 Timestamp is 548f42de (Mon Dec 15 14:21:50 2014)

 Preferred load address is 00400000

 Start         Length     Name                   Class
 0001:00000000 000022b7H .text                   CODE
 0002:00000000 00000121H .rdata                  DATA
 0002:00000121 00000000H .edata                  DATA
 0003:00000000 00000cebH .data                   DATA
 0003:00000cec 00000275H .bss                    DATA
 0004:00000000 00000014H .idata$2                DATA
 0004:00000014 00000014H .idata$3                DATA
 0004:00000028 00000084H .idata$4                DATA
 0004:000000ac 00000084H .idata$5                DATA
 0004:00000130 000002beH .idata$6                DATA

  Address         Publics by Value              Rva+Base     Lib:Object

 0001:00000030       _main@0                    00401030 f   ejer01RotarHexa.obj
 0001:000000a3       _leeHex@0                  004010a3 f   ejer01RotarHexa.obj
 0001:00000113       _rotaHexadecimal@0         00401113 f   ejer01RotarHexa.obj
 0001:00000182       _DisplayArray@0            00401182 f   ejer01RotarHexa.obj
 0001:00000204       _Clrscr@0                  00401204 f   irvine32:Irvine32.obj
 0001:000002c9       _Crlf@0                    004012c9 f   irvine32:Irvine32.obj
 0001:000002e4       _Delay@0                   004012e4 f   irvine32:Irvine32.obj
 0001:000002ed       _DumpMem@0                 004012ed f   irvine32:Irvine32.obj
 0001:000003bd       _DumpRegs@0                004013bd f   irvine32:Irvine32.obj
 0001:0000058f       _GetCommandtail@0          0040158f f   irvine32:Irvine32.obj
 0001:000005b3       _GetDateTime@4             004015b3 f   irvine32:Irvine32.obj
 0001:000005e5       _GetMaxXY@0                004015e5 f   irvine32:Irvine32.obj
 0001:00000618       _GetMseconds@0             00401618 f   irvine32:Irvine32.obj
 0001:00000675       _Gotoxy@0                  00401675 f   irvine32:Irvine32.obj
 0001:000006cd       _IsDigit@0                 004016cd f   irvine32:Irvine32.obj
 0001:000006da       _RandomRange@0             004016da f   irvine32:Irvine32.obj
 0001:000006ef       _Random32@0                004016ef f   irvine32:Irvine32.obj
 0001:0000070a       _Randomize@0               0040170a f   irvine32:Irvine32.obj
 0001:00000723       _ReadChar@0                00401723 f   irvine32:Irvine32.obj
 0001:0000073d       _ReadDec@0                 0040173d f   irvine32:Irvine32.obj
 0001:000007aa       _ReadHex@0                 004017aa f   irvine32:Irvine32.obj
 0001:00000825       _ReadInt@0                 00401825 f   irvine32:Irvine32.obj
 0001:000008eb       _ReadKey@0                 004018eb f   irvine32:Irvine32.obj
 0001:00000a04       _ReadKeyFlush@0            00401a04 f   irvine32:Irvine32.obj
 0001:00000ad2       _ReadString@0              00401ad2 f   irvine32:Irvine32.obj
 0001:00000b8b       _SetTextColor@0            00401b8b f   irvine32:Irvine32.obj
 0001:00000bb0       _Str_compare@8             00401bb0 f   irvine32:Irvine32.obj
 0001:00000bda       _Str_copy@8                00401bda f   irvine32:Irvine32.obj
 0001:00000bfd       _Str_length@4              00401bfd f   irvine32:Irvine32.obj
 0001:00000c17       _Str_trim@8                00401c17 f   irvine32:Irvine32.obj
 0001:00000c44       _Str_ucase@4               00401c44 f   irvine32:Irvine32.obj
 0001:00000c66       _WaitMsg@0                 00401c66 f   irvine32:Irvine32.obj
 0001:00000cba       _WriteBin@0                00401cba f   irvine32:Irvine32.obj
 0001:00000cc7       _WriteBinB@0               00401cc7 f   irvine32:Irvine32.obj
 0001:00000d1a       _WriteChar@0               00401d1a f   irvine32:Irvine32.obj
 0001:00000d4c       _WriteDec@0                00401d4c f   irvine32:Irvine32.obj
 0001:00000d8d       _WriteHex@0                00401d8d f   irvine32:Irvine32.obj
 0001:00000d9a       _WriteHexB@0               00401d9a f   irvine32:Irvine32.obj
 0001:00000e2c       _WriteInt@0                00401e2c f   irvine32:Irvine32.obj
 0001:00000e8d       _WriteString@0             00401e8d f   irvine32:Irvine32.obj
 0001:00000ef8       _ExitProcess@4             00401ef8 f   kernel32:KERNEL32.dll
 0001:00000efe       _FlushConsoleInputBuffer@4 00401efe f   kernel32:KERNEL32.dll
 0001:00000f04       _GetCommandLineA@0         00401f04 f   kernel32:KERNEL32.dll
 0001:00000f0a       _GetConsoleMode@8          00401f0a f   kernel32:KERNEL32.dll
 0001:00000f10       _GetConsoleScreenBufferInfo@8 00401f10 f   kernel32:KERNEL32.dll
 0001:00000f16       _GetLocalTime@4            00401f16 f   kernel32:KERNEL32.dll
 0001:00000f1c       _GetStdHandle@4            00401f1c f   kernel32:KERNEL32.dll
 0001:00000f22       _GetSystemTime@4           00401f22 f   kernel32:KERNEL32.dll
 0001:00000f28       _PeekConsoleInputA@16      00401f28 f   kernel32:KERNEL32.dll
 0001:00000f2e       _ReadConsoleA@20           00401f2e f   kernel32:KERNEL32.dll
 0001:00000f34       _ReadConsoleInputA@16      00401f34 f   kernel32:KERNEL32.dll
 0001:00000f3a       _SetConsoleCursorPosition@8 00401f3a f   kernel32:KERNEL32.dll
 0001:00000f40       _SetConsoleMode@8          00401f40 f   kernel32:KERNEL32.dll
 0001:00000f46       _SetConsoleTextAttribute@8 00401f46 f   kernel32:KERNEL32.dll
 0001:00000f4c       _Sleep@4                   00401f4c f   kernel32:KERNEL32.dll
 0001:00000f52       _SystemTimeToFileTime@8    00401f52 f   kernel32:KERNEL32.dll
 0001:00000f58       _WriteConsoleA@20          00401f58 f   kernel32:KERNEL32.dll
 0001:00000f5e       _WriteConsoleOutputCharacterA@20 00401f5e f   kernel32:KERNEL32.dll
 0001:00000f64       _WriteConsoleOutputAttribute@20 00401f64 f   kernel32:KERNEL32.dll
 0004:00000000       __IMPORT_DESCRIPTOR_KERNEL32 00406000     kernel32:KERNEL32.dll
 0004:00000014       __NULL_IMPORT_DESCRIPTOR   00406014     kernel32:KERNEL32.dll
 0004:000000ac       __imp__ExitProcess@4       004060ac     kernel32:KERNEL32.dll
 0004:000000b0       __imp__FlushConsoleInputBuffer@4 004060b0     kernel32:KERNEL32.dll
 0004:000000b4       __imp__GetCommandLineA@0   004060b4     kernel32:KERNEL32.dll
 0004:000000b8       __imp__GetConsoleMode@8    004060b8     kernel32:KERNEL32.dll
 0004:000000bc       __imp__GetConsoleScreenBufferInfo@8 004060bc     kernel32:KERNEL32.dll
 0004:000000c0       __imp__GetLocalTime@4      004060c0     kernel32:KERNEL32.dll
 0004:000000c4       __imp__GetStdHandle@4      004060c4     kernel32:KERNEL32.dll
 0004:000000c8       __imp__GetSystemTime@4     004060c8     kernel32:KERNEL32.dll
 0004:000000cc       __imp__PeekConsoleInputA@16 004060cc     kernel32:KERNEL32.dll
 0004:000000d0       __imp__ReadConsoleA@20     004060d0     kernel32:KERNEL32.dll
 0004:000000d4       __imp__ReadConsoleInputA@16 004060d4     kernel32:KERNEL32.dll
 0004:000000d8       __imp__SetConsoleCursorPosition@8 004060d8     kernel32:KERNEL32.dll
 0004:000000dc       __imp__SetConsoleMode@8    004060dc     kernel32:KERNEL32.dll
 0004:000000e0       __imp__SetConsoleTextAttribute@8 004060e0     kernel32:KERNEL32.dll
 0004:000000e4       __imp__Sleep@4             004060e4     kernel32:KERNEL32.dll
 0004:000000e8       __imp__SystemTimeToFileTime@8 004060e8     kernel32:KERNEL32.dll
 0004:000000ec       __imp__WriteConsoleA@20    004060ec     kernel32:KERNEL32.dll
 0004:000000f0       __imp__WriteConsoleOutputCharacterA@20 004060f0     kernel32:KERNEL32.dll
 0004:000000f4       __imp__WriteConsoleOutputAttribute@20 004060f4     kernel32:KERNEL32.dll
 0004:000000f8       \177KERNEL32_NULL_THUNK_DATA 004060f8     kernel32:KERNEL32.dll

 entry point at        0001:00000030

